[2026-08-30T11:34:04.764+0000] {processor.py:186} INFO - Started process (PID=182) to work on /opt/airflow/projet/dags/callbacks.py
[2026-08-30T11:34:04.765+0000] {processor.py:914} INFO - Processing file /opt/airflow/projet/dags/callbacks.py for tasks to queue
[2026-08-30T11:34:04.766+0000] {logging_mixin.py:190} INFO - [2026-08-30T11:34:04.766+0000] {dagbag.py:588} INFO - Filling up the DagBag from /opt/airflow/projet/dags/callbacks.py
[2026-08-30T11:34:04.770+0000] {processor.py:927} WARNING - No viable dags retrieved from /opt/airflow/projet/dags/callbacks.py
[2026-08-30T11:34:04.783+0000] {processor.py:208} INFO - Processing /opt/airflow/projet/dags/callbacks.py took 0.021 seconds
[2026-08-30T11:34:35.076+0000] {processor.py:186} INFO - Started process (PID=201) to work on /opt/airflow/projet/dags/callbacks.py
[2026-08-30T11:34:35.077+0000] {processor.py:914} INFO - Processing file /opt/airflow/projet/dags/callbacks.py for tasks to queue
[2026-08-30T11:34:35.078+0000] {logging_mixin.py:190} INFO - [2026-08-30T11:34:35.078+0000] {dagbag.py:588} INFO - Filling up the DagBag from /opt/airflow/projet/dags/callbacks.py
[2026-08-30T11:34:35.084+0000] {processor.py:927} WARNING - No viable dags retrieved from /opt/airflow/projet/dags/callbacks.py
[2026-08-30T11:34:35.103+0000] {processor.py:208} INFO - Processing /opt/airflow/projet/dags/callbacks.py took 0.032 seconds
[2026-08-30T11:35:05.420+0000] {processor.py:186} INFO - Started process (PID=224) to work on /opt/airflow/projet/dags/callbacks.py
[2026-08-30T11:35:05.421+0000] {processor.py:914} INFO - Processing file /opt/airflow/projet/dags/callbacks.py for tasks to queue
[2026-08-30T11:35:05.423+0000] {logging_mixin.py:190} INFO - [2026-08-30T11:35:05.423+0000] {dagbag.py:588} INFO - Filling up the DagBag from /opt/airflow/projet/dags/callbacks.py
[2026-08-30T11:35:05.428+0000] {processor.py:927} WARNING - No viable dags retrieved from /opt/airflow/projet/dags/callbacks.py
[2026-08-30T11:35:05.444+0000] {processor.py:208} INFO - Processing /opt/airflow/projet/dags/callbacks.py took 0.029 seconds
[2026-08-30T11:35:35.777+0000] {processor.py:186} INFO - Started process (PID=243) to work on /opt/airflow/projet/dags/callbacks.py
[2026-08-30T11:35:35.778+0000] {processor.py:914} INFO - Processing file /opt/airflow/projet/dags/callbacks.py for tasks to queue
[2026-08-30T11:35:35.779+0000] {logging_mixin.py:190} INFO - [2026-08-30T11:35:35.779+0000] {dagbag.py:588} INFO - Filling up the DagBag from /opt/airflow/projet/dags/callbacks.py
[2026-08-30T11:35:35.784+0000] {processor.py:927} WARNING - No viable dags retrieved from /opt/airflow/projet/dags/callbacks.py
[2026-08-30T11:35:35.799+0000] {processor.py:208} INFO - Processing /opt/airflow/projet/dags/callbacks.py took 0.025 seconds
[2026-08-30T11:36:06.169+0000] {processor.py:186} INFO - Started process (PID=262) to work on /opt/airflow/projet/dags/callbacks.py
[2026-08-30T11:36:06.171+0000] {processor.py:914} INFO - Processing file /opt/airflow/projet/dags/callbacks.py for tasks to queue
[2026-08-30T11:36:06.173+0000] {logging_mixin.py:190} INFO - [2026-08-30T11:36:06.173+0000] {dagbag.py:588} INFO - Filling up the DagBag from /opt/airflow/projet/dags/callbacks.py
[2026-08-30T11:36:06.178+0000] {processor.py:927} WARNING - No viable dags retrieved from /opt/airflow/projet/dags/callbacks.py
[2026-08-30T11:36:06.191+0000] {processor.py:208} INFO - Processing /opt/airflow/projet/dags/callbacks.py took 0.027 seconds
[2026-08-30T11:36:36.524+0000] {processor.py:186} INFO - Started process (PID=281) to work on /opt/airflow/projet/dags/callbacks.py
[2026-08-30T11:36:36.525+0000] {processor.py:914} INFO - Processing file /opt/airflow/projet/dags/callbacks.py for tasks to queue
[2026-08-30T11:36:36.527+0000] {logging_mixin.py:190} INFO - [2026-08-30T11:36:36.527+0000] {dagbag.py:588} INFO - Filling up the DagBag from /opt/airflow/projet/dags/callbacks.py
[2026-08-30T11:36:36.539+0000] {processor.py:927} WARNING - No viable dags retrieved from /opt/airflow/projet/dags/callbacks.py
[2026-08-30T11:36:36.555+0000] {processor.py:208} INFO - Processing /opt/airflow/projet/dags/callbacks.py took 0.037 seconds
[2026-08-30T11:37:06.897+0000] {processor.py:186} INFO - Started process (PID=300) to work on /opt/airflow/projet/dags/callbacks.py
[2026-08-30T11:37:06.898+0000] {processor.py:914} INFO - Processing file /opt/airflow/projet/dags/callbacks.py for tasks to queue
[2026-08-30T11:37:06.899+0000] {logging_mixin.py:190} INFO - [2026-08-30T11:37:06.899+0000] {dagbag.py:588} INFO - Filling up the DagBag from /opt/airflow/projet/dags/callbacks.py
[2026-08-30T11:37:06.902+0000] {processor.py:927} WARNING - No viable dags retrieved from /opt/airflow/projet/dags/callbacks.py
[2026-08-30T11:37:06.914+0000] {processor.py:208} INFO - Processing /opt/airflow/projet/dags/callbacks.py took 0.020 seconds
[2026-08-30T11:37:37.171+0000] {processor.py:186} INFO - Started process (PID=319) to work on /opt/airflow/projet/dags/callbacks.py
[2026-08-30T11:37:37.171+0000] {processor.py:914} INFO - Processing file /opt/airflow/projet/dags/callbacks.py for tasks to queue
[2026-08-30T11:37:37.174+0000] {logging_mixin.py:190} INFO - [2026-08-30T11:37:37.173+0000] {dagbag.py:588} INFO - Filling up the DagBag from /opt/airflow/projet/dags/callbacks.py
[2026-08-30T11:37:37.179+0000] {processor.py:927} WARNING - No viable dags retrieved from /opt/airflow/projet/dags/callbacks.py
[2026-08-30T11:37:37.202+0000] {processor.py:208} INFO - Processing /opt/airflow/projet/dags/callbacks.py took 0.037 seconds
[2026-08-30T11:38:07.517+0000] {processor.py:186} INFO - Started process (PID=338) to work on /opt/airflow/projet/dags/callbacks.py
[2026-08-30T11:38:07.517+0000] {processor.py:914} INFO - Processing file /opt/airflow/projet/dags/callbacks.py for tasks to queue
[2026-08-30T11:38:07.519+0000] {logging_mixin.py:190} INFO - [2026-08-30T11:38:07.519+0000] {dagbag.py:588} INFO - Filling up the DagBag from /opt/airflow/projet/dags/callbacks.py
[2026-08-30T11:38:07.529+0000] {processor.py:927} WARNING - No viable dags retrieved from /opt/airflow/projet/dags/callbacks.py
[2026-08-30T11:38:07.540+0000] {processor.py:208} INFO - Processing /opt/airflow/projet/dags/callbacks.py took 0.027 seconds
[2026-08-30T11:38:37.810+0000] {processor.py:186} INFO - Started process (PID=357) to work on /opt/airflow/projet/dags/callbacks.py
[2026-08-30T11:38:37.811+0000] {processor.py:914} INFO - Processing file /opt/airflow/projet/dags/callbacks.py for tasks to queue
[2026-08-30T11:38:37.813+0000] {logging_mixin.py:190} INFO - [2026-08-30T11:38:37.813+0000] {dagbag.py:588} INFO - Filling up the DagBag from /opt/airflow/projet/dags/callbacks.py
[2026-08-30T11:38:37.817+0000] {processor.py:927} WARNING - No viable dags retrieved from /opt/airflow/projet/dags/callbacks.py
[2026-08-30T11:38:37.831+0000] {processor.py:208} INFO - Processing /opt/airflow/projet/dags/callbacks.py took 0.026 seconds
[2026-08-30T11:39:08.266+0000] {processor.py:186} INFO - Started process (PID=376) to work on /opt/airflow/projet/dags/callbacks.py
[2026-08-30T11:39:08.268+0000] {processor.py:914} INFO - Processing file /opt/airflow/projet/dags/callbacks.py for tasks to queue
[2026-08-30T11:39:08.270+0000] {logging_mixin.py:190} INFO - [2026-08-30T11:39:08.270+0000] {dagbag.py:588} INFO - Filling up the DagBag from /opt/airflow/projet/dags/callbacks.py
[2026-08-30T11:39:08.280+0000] {processor.py:927} WARNING - No viable dags retrieved from /opt/airflow/projet/dags/callbacks.py
[2026-08-30T11:39:08.304+0000] {processor.py:208} INFO - Processing /opt/airflow/projet/dags/callbacks.py took 0.044 seconds
[2026-08-30T11:39:38.718+0000] {processor.py:186} INFO - Started process (PID=394) to work on /opt/airflow/projet/dags/callbacks.py
[2026-08-30T11:39:38.719+0000] {processor.py:914} INFO - Processing file /opt/airflow/projet/dags/callbacks.py for tasks to queue
[2026-08-30T11:39:38.721+0000] {logging_mixin.py:190} INFO - [2026-08-30T11:39:38.721+0000] {dagbag.py:588} INFO - Filling up the DagBag from /opt/airflow/projet/dags/callbacks.py
[2026-08-30T11:39:38.733+0000] {processor.py:927} WARNING - No viable dags retrieved from /opt/airflow/projet/dags/callbacks.py
[2026-08-30T11:39:38.766+0000] {processor.py:208} INFO - Processing /opt/airflow/projet/dags/callbacks.py took 0.057 seconds
[2026-08-30T11:40:09.146+0000] {processor.py:186} INFO - Started process (PID=405) to work on /opt/airflow/projet/dags/callbacks.py
[2026-08-30T11:40:09.147+0000] {processor.py:914} INFO - Processing file /opt/airflow/projet/dags/callbacks.py for tasks to queue
[2026-08-30T11:40:09.148+0000] {logging_mixin.py:190} INFO - [2026-08-30T11:40:09.148+0000] {dagbag.py:588} INFO - Filling up the DagBag from /opt/airflow/projet/dags/callbacks.py
[2026-08-30T11:40:09.153+0000] {processor.py:927} WARNING - No viable dags retrieved from /opt/airflow/projet/dags/callbacks.py
[2026-08-30T11:40:09.169+0000] {processor.py:208} INFO - Processing /opt/airflow/projet/dags/callbacks.py took 0.027 seconds
[2026-08-30T11:40:39.533+0000] {processor.py:186} INFO - Started process (PID=424) to work on /opt/airflow/projet/dags/callbacks.py
[2026-08-30T11:40:39.534+0000] {processor.py:914} INFO - Processing file /opt/airflow/projet/dags/callbacks.py for tasks to queue
[2026-08-30T11:40:39.538+0000] {logging_mixin.py:190} INFO - [2026-08-30T11:40:39.538+0000] {dagbag.py:588} INFO - Filling up the DagBag from /opt/airflow/projet/dags/callbacks.py
[2026-08-30T11:40:39.548+0000] {processor.py:927} WARNING - No viable dags retrieved from /opt/airflow/projet/dags/callbacks.py
[2026-08-30T11:40:39.562+0000] {processor.py:208} INFO - Processing /opt/airflow/projet/dags/callbacks.py took 0.036 seconds
[2026-08-30T11:41:09.930+0000] {processor.py:186} INFO - Started process (PID=443) to work on /opt/airflow/projet/dags/callbacks.py
[2026-08-30T11:41:09.931+0000] {processor.py:914} INFO - Processing file /opt/airflow/projet/dags/callbacks.py for tasks to queue
[2026-08-30T11:41:09.932+0000] {logging_mixin.py:190} INFO - [2026-08-30T11:41:09.932+0000] {dagbag.py:588} INFO - Filling up the DagBag from /opt/airflow/projet/dags/callbacks.py
[2026-08-30T11:41:09.941+0000] {processor.py:927} WARNING - No viable dags retrieved from /opt/airflow/projet/dags/callbacks.py
[2026-08-30T11:41:09.955+0000] {processor.py:208} INFO - Processing /opt/airflow/projet/dags/callbacks.py took 0.030 seconds
[2026-08-30T11:41:40.317+0000] {processor.py:186} INFO - Started process (PID=462) to work on /opt/airflow/projet/dags/callbacks.py
[2026-08-30T11:41:40.318+0000] {processor.py:914} INFO - Processing file /opt/airflow/projet/dags/callbacks.py for tasks to queue
[2026-08-30T11:41:40.320+0000] {logging_mixin.py:190} INFO - [2026-08-30T11:41:40.319+0000] {dagbag.py:588} INFO - Filling up the DagBag from /opt/airflow/projet/dags/callbacks.py
[2026-08-30T11:41:40.330+0000] {processor.py:927} WARNING - No viable dags retrieved from /opt/airflow/projet/dags/callbacks.py
[2026-08-30T11:41:40.345+0000] {processor.py:208} INFO - Processing /opt/airflow/projet/dags/callbacks.py took 0.032 seconds
[2026-08-30T11:42:10.724+0000] {processor.py:186} INFO - Started process (PID=481) to work on /opt/airflow/projet/dags/callbacks.py
[2026-08-30T11:42:10.724+0000] {processor.py:914} INFO - Processing file /opt/airflow/projet/dags/callbacks.py for tasks to queue
[2026-08-30T11:42:10.726+0000] {logging_mixin.py:190} INFO - [2026-08-30T11:42:10.726+0000] {dagbag.py:588} INFO - Filling up the DagBag from /opt/airflow/projet/dags/callbacks.py
[2026-08-30T11:42:10.731+0000] {processor.py:927} WARNING - No viable dags retrieved from /opt/airflow/projet/dags/callbacks.py
[2026-08-30T11:42:10.745+0000] {processor.py:208} INFO - Processing /opt/airflow/projet/dags/callbacks.py took 0.026 seconds
[2026-08-30T11:42:41.103+0000] {processor.py:186} INFO - Started process (PID=500) to work on /opt/airflow/projet/dags/callbacks.py
[2026-08-30T11:42:41.104+0000] {processor.py:914} INFO - Processing file /opt/airflow/projet/dags/callbacks.py for tasks to queue
[2026-08-30T11:42:41.106+0000] {logging_mixin.py:190} INFO - [2026-08-30T11:42:41.106+0000] {dagbag.py:588} INFO - Filling up the DagBag from /opt/airflow/projet/dags/callbacks.py
[2026-08-30T11:42:41.113+0000] {processor.py:927} WARNING - No viable dags retrieved from /opt/airflow/projet/dags/callbacks.py
[2026-08-30T11:42:41.132+0000] {processor.py:208} INFO - Processing /opt/airflow/projet/dags/callbacks.py took 0.036 seconds
[2026-08-30T11:43:11.517+0000] {processor.py:186} INFO - Started process (PID=519) to work on /opt/airflow/projet/dags/callbacks.py
[2026-08-30T11:43:11.518+0000] {processor.py:914} INFO - Processing file /opt/airflow/projet/dags/callbacks.py for tasks to queue
[2026-08-30T11:43:11.520+0000] {logging_mixin.py:190} INFO - [2026-08-30T11:43:11.520+0000] {dagbag.py:588} INFO - Filling up the DagBag from /opt/airflow/projet/dags/callbacks.py
[2026-08-30T11:43:11.525+0000] {processor.py:927} WARNING - No viable dags retrieved from /opt/airflow/projet/dags/callbacks.py
[2026-08-30T11:43:11.540+0000] {processor.py:208} INFO - Processing /opt/airflow/projet/dags/callbacks.py took 0.027 seconds
[2026-08-30T11:43:41.867+0000] {processor.py:186} INFO - Started process (PID=538) to work on /opt/airflow/projet/dags/callbacks.py
[2026-08-30T11:43:41.868+0000] {processor.py:914} INFO - Processing file /opt/airflow/projet/dags/callbacks.py for tasks to queue
[2026-08-30T11:43:41.870+0000] {logging_mixin.py:190} INFO - [2026-08-30T11:43:41.869+0000] {dagbag.py:588} INFO - Filling up the DagBag from /opt/airflow/projet/dags/callbacks.py
[2026-08-30T11:43:41.876+0000] {processor.py:927} WARNING - No viable dags retrieved from /opt/airflow/projet/dags/callbacks.py
[2026-08-30T11:43:41.899+0000] {processor.py:208} INFO - Processing /opt/airflow/projet/dags/callbacks.py took 0.038 seconds
[2026-08-30T11:44:12.364+0000] {processor.py:186} INFO - Started process (PID=557) to work on /opt/airflow/projet/dags/callbacks.py
[2026-08-30T11:44:12.365+0000] {processor.py:914} INFO - Processing file /opt/airflow/projet/dags/callbacks.py for tasks to queue
[2026-08-30T11:44:12.367+0000] {logging_mixin.py:190} INFO - [2026-08-30T11:44:12.367+0000] {dagbag.py:588} INFO - Filling up the DagBag from /opt/airflow/projet/dags/callbacks.py
[2026-08-30T11:44:12.375+0000] {processor.py:927} WARNING - No viable dags retrieved from /opt/airflow/projet/dags/callbacks.py
[2026-08-30T11:44:12.390+0000] {processor.py:208} INFO - Processing /opt/airflow/projet/dags/callbacks.py took 0.032 seconds
[2026-08-30T11:44:42.745+0000] {processor.py:186} INFO - Started process (PID=576) to work on /opt/airflow/projet/dags/callbacks.py
[2026-08-30T11:44:42.747+0000] {processor.py:914} INFO - Processing file /opt/airflow/projet/dags/callbacks.py for tasks to queue
[2026-08-30T11:44:42.749+0000] {logging_mixin.py:190} INFO - [2026-08-30T11:44:42.749+0000] {dagbag.py:588} INFO - Filling up the DagBag from /opt/airflow/projet/dags/callbacks.py
[2026-08-30T11:44:42.755+0000] {processor.py:927} WARNING - No viable dags retrieved from /opt/airflow/projet/dags/callbacks.py
[2026-08-30T11:44:42.770+0000] {processor.py:208} INFO - Processing /opt/airflow/projet/dags/callbacks.py took 0.031 seconds
[2026-08-30T11:45:13.207+0000] {processor.py:186} INFO - Started process (PID=595) to work on /opt/airflow/projet/dags/callbacks.py
[2026-08-30T11:45:13.207+0000] {processor.py:914} INFO - Processing file /opt/airflow/projet/dags/callbacks.py for tasks to queue
[2026-08-30T11:45:13.210+0000] {logging_mixin.py:190} INFO - [2026-08-30T11:45:13.210+0000] {dagbag.py:588} INFO - Filling up the DagBag from /opt/airflow/projet/dags/callbacks.py
[2026-08-30T11:45:13.219+0000] {processor.py:927} WARNING - No viable dags retrieved from /opt/airflow/projet/dags/callbacks.py
[2026-08-30T11:45:13.232+0000] {processor.py:208} INFO - Processing /opt/airflow/projet/dags/callbacks.py took 0.031 seconds
[2026-08-30T11:45:43.597+0000] {processor.py:186} INFO - Started process (PID=614) to work on /opt/airflow/projet/dags/callbacks.py
[2026-08-30T11:45:43.600+0000] {processor.py:914} INFO - Processing file /opt/airflow/projet/dags/callbacks.py for tasks to queue
[2026-08-30T11:45:43.602+0000] {logging_mixin.py:190} INFO - [2026-08-30T11:45:43.601+0000] {dagbag.py:588} INFO - Filling up the DagBag from /opt/airflow/projet/dags/callbacks.py
[2026-08-30T11:45:43.608+0000] {processor.py:927} WARNING - No viable dags retrieved from /opt/airflow/projet/dags/callbacks.py
[2026-08-30T11:45:43.624+0000] {processor.py:208} INFO - Processing /opt/airflow/projet/dags/callbacks.py took 0.033 seconds
[2026-08-30T11:46:14.018+0000] {processor.py:186} INFO - Started process (PID=632) to work on /opt/airflow/projet/dags/callbacks.py
[2026-08-30T11:46:14.018+0000] {processor.py:914} INFO - Processing file /opt/airflow/projet/dags/callbacks.py for tasks to queue
[2026-08-30T11:46:14.020+0000] {logging_mixin.py:190} INFO - [2026-08-30T11:46:14.020+0000] {dagbag.py:588} INFO - Filling up the DagBag from /opt/airflow/projet/dags/callbacks.py
[2026-08-30T11:46:14.025+0000] {processor.py:927} WARNING - No viable dags retrieved from /opt/airflow/projet/dags/callbacks.py
[2026-08-30T11:46:14.045+0000] {processor.py:208} INFO - Processing /opt/airflow/projet/dags/callbacks.py took 0.033 seconds
[2026-08-30T11:46:44.446+0000] {processor.py:186} INFO - Started process (PID=643) to work on /opt/airflow/projet/dags/callbacks.py
[2026-08-30T11:46:44.446+0000] {processor.py:914} INFO - Processing file /opt/airflow/projet/dags/callbacks.py for tasks to queue
[2026-08-30T11:46:44.448+0000] {logging_mixin.py:190} INFO - [2026-08-30T11:46:44.448+0000] {dagbag.py:588} INFO - Filling up the DagBag from /opt/airflow/projet/dags/callbacks.py
[2026-08-30T11:46:44.459+0000] {processor.py:927} WARNING - No viable dags retrieved from /opt/airflow/projet/dags/callbacks.py
[2026-08-30T11:46:44.471+0000] {processor.py:208} INFO - Processing /opt/airflow/projet/dags/callbacks.py took 0.031 seconds
[2026-08-30T11:47:14.823+0000] {processor.py:186} INFO - Started process (PID=662) to work on /opt/airflow/projet/dags/callbacks.py
[2026-08-30T11:47:14.824+0000] {processor.py:914} INFO - Processing file /opt/airflow/projet/dags/callbacks.py for tasks to queue
[2026-08-30T11:47:14.826+0000] {logging_mixin.py:190} INFO - [2026-08-30T11:47:14.826+0000] {dagbag.py:588} INFO - Filling up the DagBag from /opt/airflow/projet/dags/callbacks.py
[2026-08-30T11:47:14.832+0000] {processor.py:927} WARNING - No viable dags retrieved from /opt/airflow/projet/dags/callbacks.py
[2026-08-30T11:47:14.849+0000] {processor.py:208} INFO - Processing /opt/airflow/projet/dags/callbacks.py took 0.032 seconds
[2026-08-30T11:47:45.196+0000] {processor.py:186} INFO - Started process (PID=681) to work on /opt/airflow/projet/dags/callbacks.py
[2026-08-30T11:47:45.196+0000] {processor.py:914} INFO - Processing file /opt/airflow/projet/dags/callbacks.py for tasks to queue
[2026-08-30T11:47:45.197+0000] {logging_mixin.py:190} INFO - [2026-08-30T11:47:45.197+0000] {dagbag.py:588} INFO - Filling up the DagBag from /opt/airflow/projet/dags/callbacks.py
[2026-08-30T11:47:45.209+0000] {processor.py:927} WARNING - No viable dags retrieved from /opt/airflow/projet/dags/callbacks.py
[2026-08-30T11:47:45.224+0000] {processor.py:208} INFO - Processing /opt/airflow/projet/dags/callbacks.py took 0.034 seconds
[2026-08-30T11:48:15.583+0000] {processor.py:186} INFO - Started process (PID=700) to work on /opt/airflow/projet/dags/callbacks.py
[2026-08-30T11:48:15.585+0000] {processor.py:914} INFO - Processing file /opt/airflow/projet/dags/callbacks.py for tasks to queue
[2026-08-30T11:48:15.587+0000] {logging_mixin.py:190} INFO - [2026-08-30T11:48:15.587+0000] {dagbag.py:588} INFO - Filling up the DagBag from /opt/airflow/projet/dags/callbacks.py
[2026-08-30T11:48:15.595+0000] {processor.py:927} WARNING - No viable dags retrieved from /opt/airflow/projet/dags/callbacks.py
[2026-08-30T11:48:15.613+0000] {processor.py:208} INFO - Processing /opt/airflow/projet/dags/callbacks.py took 0.037 seconds
[2026-08-30T11:48:45.944+0000] {processor.py:186} INFO - Started process (PID=719) to work on /opt/airflow/projet/dags/callbacks.py
[2026-08-30T11:48:45.945+0000] {processor.py:914} INFO - Processing file /opt/airflow/projet/dags/callbacks.py for tasks to queue
[2026-08-30T11:48:45.947+0000] {logging_mixin.py:190} INFO - [2026-08-30T11:48:45.947+0000] {dagbag.py:588} INFO - Filling up the DagBag from /opt/airflow/projet/dags/callbacks.py
[2026-08-30T11:48:45.953+0000] {processor.py:927} WARNING - No viable dags retrieved from /opt/airflow/projet/dags/callbacks.py
[2026-08-30T11:48:45.971+0000] {processor.py:208} INFO - Processing /opt/airflow/projet/dags/callbacks.py took 0.033 seconds
[2026-08-30T11:49:16.334+0000] {processor.py:186} INFO - Started process (PID=738) to work on /opt/airflow/projet/dags/callbacks.py
[2026-08-30T11:49:16.334+0000] {processor.py:914} INFO - Processing file /opt/airflow/projet/dags/callbacks.py for tasks to queue
[2026-08-30T11:49:16.337+0000] {logging_mixin.py:190} INFO - [2026-08-30T11:49:16.337+0000] {dagbag.py:588} INFO - Filling up the DagBag from /opt/airflow/projet/dags/callbacks.py
[2026-08-30T11:49:16.342+0000] {processor.py:927} WARNING - No viable dags retrieved from /opt/airflow/projet/dags/callbacks.py
[2026-08-30T11:49:16.354+0000] {processor.py:208} INFO - Processing /opt/airflow/projet/dags/callbacks.py took 0.024 seconds
[2026-08-30T11:49:46.724+0000] {processor.py:186} INFO - Started process (PID=757) to work on /opt/airflow/projet/dags/callbacks.py
[2026-08-30T11:49:46.725+0000] {processor.py:914} INFO - Processing file /opt/airflow/projet/dags/callbacks.py for tasks to queue
[2026-08-30T11:49:46.727+0000] {logging_mixin.py:190} INFO - [2026-08-30T11:49:46.727+0000] {dagbag.py:588} INFO - Filling up the DagBag from /opt/airflow/projet/dags/callbacks.py
[2026-08-30T11:49:46.736+0000] {processor.py:927} WARNING - No viable dags retrieved from /opt/airflow/projet/dags/callbacks.py
[2026-08-30T11:49:46.749+0000] {processor.py:208} INFO - Processing /opt/airflow/projet/dags/callbacks.py took 0.029 seconds
[2026-08-30T11:50:17.104+0000] {processor.py:186} INFO - Started process (PID=776) to work on /opt/airflow/projet/dags/callbacks.py
[2026-08-30T11:50:17.105+0000] {processor.py:914} INFO - Processing file /opt/airflow/projet/dags/callbacks.py for tasks to queue
[2026-08-30T11:50:17.108+0000] {logging_mixin.py:190} INFO - [2026-08-30T11:50:17.108+0000] {dagbag.py:588} INFO - Filling up the DagBag from /opt/airflow/projet/dags/callbacks.py
[2026-08-30T11:50:17.115+0000] {processor.py:927} WARNING - No viable dags retrieved from /opt/airflow/projet/dags/callbacks.py
[2026-08-30T11:50:17.135+0000] {processor.py:208} INFO - Processing /opt/airflow/projet/dags/callbacks.py took 0.039 seconds
[2026-08-30T11:50:47.498+0000] {processor.py:186} INFO - Started process (PID=795) to work on /opt/airflow/projet/dags/callbacks.py
[2026-08-30T11:50:47.498+0000] {processor.py:914} INFO - Processing file /opt/airflow/projet/dags/callbacks.py for tasks to queue
[2026-08-30T11:50:47.499+0000] {logging_mixin.py:190} INFO - [2026-08-30T11:50:47.499+0000] {dagbag.py:588} INFO - Filling up the DagBag from /opt/airflow/projet/dags/callbacks.py
[2026-08-30T11:50:47.503+0000] {processor.py:927} WARNING - No viable dags retrieved from /opt/airflow/projet/dags/callbacks.py
[2026-08-30T11:50:47.515+0000] {processor.py:208} INFO - Processing /opt/airflow/projet/dags/callbacks.py took 0.020 seconds
[2026-08-30T11:51:17.890+0000] {processor.py:186} INFO - Started process (PID=814) to work on /opt/airflow/projet/dags/callbacks.py
[2026-08-30T11:51:17.891+0000] {processor.py:914} INFO - Processing file /opt/airflow/projet/dags/callbacks.py for tasks to queue
[2026-08-30T11:51:17.892+0000] {logging_mixin.py:190} INFO - [2026-08-30T11:51:17.892+0000] {dagbag.py:588} INFO - Filling up the DagBag from /opt/airflow/projet/dags/callbacks.py
[2026-08-30T11:51:17.897+0000] {processor.py:927} WARNING - No viable dags retrieved from /opt/airflow/projet/dags/callbacks.py
[2026-08-30T11:51:17.909+0000] {processor.py:208} INFO - Processing /opt/airflow/projet/dags/callbacks.py took 0.023 seconds
[2026-08-30T11:51:48.245+0000] {processor.py:186} INFO - Started process (PID=833) to work on /opt/airflow/projet/dags/callbacks.py
[2026-08-30T11:51:48.246+0000] {processor.py:914} INFO - Processing file /opt/airflow/projet/dags/callbacks.py for tasks to queue
[2026-08-30T11:51:48.247+0000] {logging_mixin.py:190} INFO - [2026-08-30T11:51:48.247+0000] {dagbag.py:588} INFO - Filling up the DagBag from /opt/airflow/projet/dags/callbacks.py
[2026-08-30T11:51:48.255+0000] {processor.py:927} WARNING - No viable dags retrieved from /opt/airflow/projet/dags/callbacks.py
[2026-08-30T11:51:48.268+0000] {processor.py:208} INFO - Processing /opt/airflow/projet/dags/callbacks.py took 0.029 seconds
[2026-08-30T11:52:18.626+0000] {processor.py:186} INFO - Started process (PID=852) to work on /opt/airflow/projet/dags/callbacks.py
[2026-08-30T11:52:18.627+0000] {processor.py:914} INFO - Processing file /opt/airflow/projet/dags/callbacks.py for tasks to queue
[2026-08-30T11:52:18.630+0000] {logging_mixin.py:190} INFO - [2026-08-30T11:52:18.629+0000] {dagbag.py:588} INFO - Filling up the DagBag from /opt/airflow/projet/dags/callbacks.py
[2026-08-30T11:52:18.636+0000] {processor.py:927} WARNING - No viable dags retrieved from /opt/airflow/projet/dags/callbacks.py
[2026-08-30T11:52:18.658+0000] {processor.py:208} INFO - Processing /opt/airflow/projet/dags/callbacks.py took 0.040 seconds
[2026-08-30T11:52:49.006+0000] {processor.py:186} INFO - Started process (PID=871) to work on /opt/airflow/projet/dags/callbacks.py
[2026-08-30T11:52:49.007+0000] {processor.py:914} INFO - Processing file /opt/airflow/projet/dags/callbacks.py for tasks to queue
[2026-08-30T11:52:49.010+0000] {logging_mixin.py:190} INFO - [2026-08-30T11:52:49.010+0000] {dagbag.py:588} INFO - Filling up the DagBag from /opt/airflow/projet/dags/callbacks.py
[2026-08-30T11:52:49.019+0000] {processor.py:927} WARNING - No viable dags retrieved from /opt/airflow/projet/dags/callbacks.py
[2026-08-30T11:52:49.030+0000] {processor.py:208} INFO - Processing /opt/airflow/projet/dags/callbacks.py took 0.029 seconds
[2026-08-30T11:53:19.412+0000] {processor.py:186} INFO - Started process (PID=889) to work on /opt/airflow/projet/dags/callbacks.py
[2026-08-30T11:53:19.413+0000] {processor.py:914} INFO - Processing file /opt/airflow/projet/dags/callbacks.py for tasks to queue
[2026-08-30T11:53:19.415+0000] {logging_mixin.py:190} INFO - [2026-08-30T11:53:19.415+0000] {dagbag.py:588} INFO - Filling up the DagBag from /opt/airflow/projet/dags/callbacks.py
[2026-08-30T11:53:19.418+0000] {processor.py:927} WARNING - No viable dags retrieved from /opt/airflow/projet/dags/callbacks.py
[2026-08-30T11:53:19.430+0000] {processor.py:208} INFO - Processing /opt/airflow/projet/dags/callbacks.py took 0.021 seconds
[2026-08-30T11:53:49.843+0000] {processor.py:186} INFO - Started process (PID=900) to work on /opt/airflow/projet/dags/callbacks.py
[2026-08-30T11:53:49.844+0000] {processor.py:914} INFO - Processing file /opt/airflow/projet/dags/callbacks.py for tasks to queue
[2026-08-30T11:53:49.845+0000] {logging_mixin.py:190} INFO - [2026-08-30T11:53:49.845+0000] {dagbag.py:588} INFO - Filling up the DagBag from /opt/airflow/projet/dags/callbacks.py
[2026-08-30T11:53:49.851+0000] {processor.py:927} WARNING - No viable dags retrieved from /opt/airflow/projet/dags/callbacks.py
[2026-08-30T11:53:49.864+0000] {processor.py:208} INFO - Processing /opt/airflow/projet/dags/callbacks.py took 0.027 seconds
[2026-08-30T11:54:20.273+0000] {processor.py:186} INFO - Started process (PID=919) to work on /opt/airflow/projet/dags/callbacks.py
[2026-08-30T11:54:20.274+0000] {processor.py:914} INFO - Processing file /opt/airflow/projet/dags/callbacks.py for tasks to queue
[2026-08-30T11:54:20.276+0000] {logging_mixin.py:190} INFO - [2026-08-30T11:54:20.275+0000] {dagbag.py:588} INFO - Filling up the DagBag from /opt/airflow/projet/dags/callbacks.py
[2026-08-30T11:54:20.280+0000] {processor.py:927} WARNING - No viable dags retrieved from /opt/airflow/projet/dags/callbacks.py
[2026-08-30T11:54:20.297+0000] {processor.py:208} INFO - Processing /opt/airflow/projet/dags/callbacks.py took 0.028 seconds
[2026-08-30T11:54:50.658+0000] {processor.py:186} INFO - Started process (PID=938) to work on /opt/airflow/projet/dags/callbacks.py
[2026-08-30T11:54:50.659+0000] {processor.py:914} INFO - Processing file /opt/airflow/projet/dags/callbacks.py for tasks to queue
[2026-08-30T11:54:50.661+0000] {logging_mixin.py:190} INFO - [2026-08-30T11:54:50.661+0000] {dagbag.py:588} INFO - Filling up the DagBag from /opt/airflow/projet/dags/callbacks.py
[2026-08-30T11:54:50.666+0000] {processor.py:927} WARNING - No viable dags retrieved from /opt/airflow/projet/dags/callbacks.py
[2026-08-30T11:54:50.682+0000] {processor.py:208} INFO - Processing /opt/airflow/projet/dags/callbacks.py took 0.030 seconds
[2026-08-30T11:55:20.995+0000] {processor.py:186} INFO - Started process (PID=957) to work on /opt/airflow/projet/dags/callbacks.py
[2026-08-30T11:55:20.997+0000] {processor.py:914} INFO - Processing file /opt/airflow/projet/dags/callbacks.py for tasks to queue
[2026-08-30T11:55:20.999+0000] {logging_mixin.py:190} INFO - [2026-08-30T11:55:20.999+0000] {dagbag.py:588} INFO - Filling up the DagBag from /opt/airflow/projet/dags/callbacks.py
[2026-08-30T11:55:21.007+0000] {processor.py:927} WARNING - No viable dags retrieved from /opt/airflow/projet/dags/callbacks.py
[2026-08-30T11:55:21.018+0000] {processor.py:208} INFO - Processing /opt/airflow/projet/dags/callbacks.py took 0.028 seconds
[2026-08-30T11:55:51.378+0000] {processor.py:186} INFO - Started process (PID=976) to work on /opt/airflow/projet/dags/callbacks.py
[2026-08-30T11:55:51.379+0000] {processor.py:914} INFO - Processing file /opt/airflow/projet/dags/callbacks.py for tasks to queue
[2026-08-30T11:55:51.380+0000] {logging_mixin.py:190} INFO - [2026-08-30T11:55:51.380+0000] {dagbag.py:588} INFO - Filling up the DagBag from /opt/airflow/projet/dags/callbacks.py
[2026-08-30T11:55:51.390+0000] {processor.py:927} WARNING - No viable dags retrieved from /opt/airflow/projet/dags/callbacks.py
[2026-08-30T11:55:51.403+0000] {processor.py:208} INFO - Processing /opt/airflow/projet/dags/callbacks.py took 0.030 seconds
[2026-08-30T11:56:21.757+0000] {processor.py:186} INFO - Started process (PID=995) to work on /opt/airflow/projet/dags/callbacks.py
[2026-08-30T11:56:21.758+0000] {processor.py:914} INFO - Processing file /opt/airflow/projet/dags/callbacks.py for tasks to queue
[2026-08-30T11:56:21.759+0000] {logging_mixin.py:190} INFO - [2026-08-30T11:56:21.759+0000] {dagbag.py:588} INFO - Filling up the DagBag from /opt/airflow/projet/dags/callbacks.py
[2026-08-30T11:56:21.764+0000] {processor.py:927} WARNING - No viable dags retrieved from /opt/airflow/projet/dags/callbacks.py
[2026-08-30T11:56:21.778+0000] {processor.py:208} INFO - Processing /opt/airflow/projet/dags/callbacks.py took 0.025 seconds
[2026-08-30T11:56:52.174+0000] {processor.py:186} INFO - Started process (PID=1014) to work on /opt/airflow/projet/dags/callbacks.py
[2026-08-30T11:56:52.175+0000] {processor.py:914} INFO - Processing file /opt/airflow/projet/dags/callbacks.py for tasks to queue
[2026-08-30T11:56:52.177+0000] {logging_mixin.py:190} INFO - [2026-08-30T11:56:52.177+0000] {dagbag.py:588} INFO - Filling up the DagBag from /opt/airflow/projet/dags/callbacks.py
[2026-08-30T11:56:52.182+0000] {processor.py:927} WARNING - No viable dags retrieved from /opt/airflow/projet/dags/callbacks.py
[2026-08-30T11:56:52.200+0000] {processor.py:208} INFO - Processing /opt/airflow/projet/dags/callbacks.py took 0.032 seconds
[2026-08-30T11:57:22.582+0000] {processor.py:186} INFO - Started process (PID=1033) to work on /opt/airflow/projet/dags/callbacks.py
[2026-08-30T11:57:22.583+0000] {processor.py:914} INFO - Processing file /opt/airflow/projet/dags/callbacks.py for tasks to queue
[2026-08-30T11:57:22.586+0000] {logging_mixin.py:190} INFO - [2026-08-30T11:57:22.586+0000] {dagbag.py:588} INFO - Filling up the DagBag from /opt/airflow/projet/dags/callbacks.py
[2026-08-30T11:57:22.591+0000] {processor.py:927} WARNING - No viable dags retrieved from /opt/airflow/projet/dags/callbacks.py
[2026-08-30T11:57:22.610+0000] {processor.py:208} INFO - Processing /opt/airflow/projet/dags/callbacks.py took 0.034 seconds
[2026-08-30T11:57:52.969+0000] {processor.py:186} INFO - Started process (PID=1052) to work on /opt/airflow/projet/dags/callbacks.py
[2026-08-30T11:57:52.971+0000] {processor.py:914} INFO - Processing file /opt/airflow/projet/dags/callbacks.py for tasks to queue
[2026-08-30T11:57:52.973+0000] {logging_mixin.py:190} INFO - [2026-08-30T11:57:52.973+0000] {dagbag.py:588} INFO - Filling up the DagBag from /opt/airflow/projet/dags/callbacks.py
[2026-08-30T11:57:52.978+0000] {processor.py:927} WARNING - No viable dags retrieved from /opt/airflow/projet/dags/callbacks.py
[2026-08-30T11:57:52.993+0000] {processor.py:208} INFO - Processing /opt/airflow/projet/dags/callbacks.py took 0.029 seconds
