[2026-08-30T11:34:04.762+0000] {processor.py:186} INFO - Started process (PID=179) to work on /opt/airflow/projet/dags/dag_pipeline_cacao.py
[2026-08-30T11:34:04.763+0000] {processor.py:914} INFO - Processing file /opt/airflow/projet/dags/dag_pipeline_cacao.py for tasks to queue
[2026-08-30T11:34:04.764+0000] {logging_mixin.py:190} INFO - [2026-08-30T11:34:04.764+0000] {dagbag.py:588} INFO - Filling up the DagBag from /opt/airflow/projet/dags/dag_pipeline_cacao.py
[2026-08-30T11:34:04.778+0000] {processor.py:925} INFO - DAG(s) 'pipeline_cacao_ci' retrieved from /opt/airflow/projet/dags/dag_pipeline_cacao.py
[2026-08-30T11:34:04.803+0000] {logging_mixin.py:190} INFO - [2026-08-30T11:34:04.803+0000] {dag.py:3239} INFO - Sync 1 DAGs
[2026-08-30T11:34:04.816+0000] {logging_mixin.py:190} INFO - [2026-08-30T11:34:04.816+0000] {dag.py:4180} INFO - Setting next_dagrun for pipeline_cacao_ci to 2026-08-28 22:00:00+00:00, run_after=2026-08-29 22:00:00+00:00
[2026-08-30T11:34:04.824+0000] {processor.py:208} INFO - Processing /opt/airflow/projet/dags/dag_pipeline_cacao.py took 0.065 seconds
[2026-08-30T11:34:35.073+0000] {processor.py:186} INFO - Started process (PID=198) to work on /opt/airflow/projet/dags/dag_pipeline_cacao.py
[2026-08-30T11:34:35.074+0000] {processor.py:914} INFO - Processing file /opt/airflow/projet/dags/dag_pipeline_cacao.py for tasks to queue
[2026-08-30T11:34:35.076+0000] {logging_mixin.py:190} INFO - [2026-08-30T11:34:35.075+0000] {dagbag.py:588} INFO - Filling up the DagBag from /opt/airflow/projet/dags/dag_pipeline_cacao.py
[2026-08-30T11:34:35.096+0000] {processor.py:925} INFO - DAG(s) 'pipeline_cacao_ci' retrieved from /opt/airflow/projet/dags/dag_pipeline_cacao.py
[2026-08-30T11:34:35.128+0000] {logging_mixin.py:190} INFO - [2026-08-30T11:34:35.128+0000] {dag.py:3239} INFO - Sync 1 DAGs
[2026-08-30T11:34:35.141+0000] {logging_mixin.py:190} INFO - [2026-08-30T11:34:35.141+0000] {dag.py:4180} INFO - Setting next_dagrun for pipeline_cacao_ci to 2026-08-28 22:00:00+00:00, run_after=2026-08-29 22:00:00+00:00
[2026-08-30T11:34:35.151+0000] {processor.py:208} INFO - Processing /opt/airflow/projet/dags/dag_pipeline_cacao.py took 0.084 seconds
[2026-08-30T11:35:05.417+0000] {processor.py:186} INFO - Started process (PID=221) to work on /opt/airflow/projet/dags/dag_pipeline_cacao.py
[2026-08-30T11:35:05.418+0000] {processor.py:914} INFO - Processing file /opt/airflow/projet/dags/dag_pipeline_cacao.py for tasks to queue
[2026-08-30T11:35:05.420+0000] {logging_mixin.py:190} INFO - [2026-08-30T11:35:05.420+0000] {dagbag.py:588} INFO - Filling up the DagBag from /opt/airflow/projet/dags/dag_pipeline_cacao.py
[2026-08-30T11:35:05.439+0000] {processor.py:925} INFO - DAG(s) 'pipeline_cacao_ci' retrieved from /opt/airflow/projet/dags/dag_pipeline_cacao.py
[2026-08-30T11:35:05.466+0000] {logging_mixin.py:190} INFO - [2026-08-30T11:35:05.466+0000] {dag.py:3239} INFO - Sync 1 DAGs
[2026-08-30T11:35:05.483+0000] {processor.py:208} INFO - Processing /opt/airflow/projet/dags/dag_pipeline_cacao.py took 0.073 seconds
[2026-08-30T11:35:35.775+0000] {processor.py:186} INFO - Started process (PID=240) to work on /opt/airflow/projet/dags/dag_pipeline_cacao.py
[2026-08-30T11:35:35.775+0000] {processor.py:914} INFO - Processing file /opt/airflow/projet/dags/dag_pipeline_cacao.py for tasks to queue
[2026-08-30T11:35:35.777+0000] {logging_mixin.py:190} INFO - [2026-08-30T11:35:35.776+0000] {dagbag.py:588} INFO - Filling up the DagBag from /opt/airflow/projet/dags/dag_pipeline_cacao.py
[2026-08-30T11:35:35.794+0000] {processor.py:925} INFO - DAG(s) 'pipeline_cacao_ci' retrieved from /opt/airflow/projet/dags/dag_pipeline_cacao.py
[2026-08-30T11:35:35.820+0000] {logging_mixin.py:190} INFO - [2026-08-30T11:35:35.820+0000] {dag.py:3239} INFO - Sync 1 DAGs
[2026-08-30T11:35:35.922+0000] {processor.py:208} INFO - Processing /opt/airflow/projet/dags/dag_pipeline_cacao.py took 0.152 seconds
[2026-08-30T11:36:06.166+0000] {processor.py:186} INFO - Started process (PID=259) to work on /opt/airflow/projet/dags/dag_pipeline_cacao.py
[2026-08-30T11:36:06.167+0000] {processor.py:914} INFO - Processing file /opt/airflow/projet/dags/dag_pipeline_cacao.py for tasks to queue
[2026-08-30T11:36:06.170+0000] {logging_mixin.py:190} INFO - [2026-08-30T11:36:06.170+0000] {dagbag.py:588} INFO - Filling up the DagBag from /opt/airflow/projet/dags/dag_pipeline_cacao.py
[2026-08-30T11:36:06.188+0000] {processor.py:925} INFO - DAG(s) 'pipeline_cacao_ci' retrieved from /opt/airflow/projet/dags/dag_pipeline_cacao.py
[2026-08-30T11:36:06.216+0000] {logging_mixin.py:190} INFO - [2026-08-30T11:36:06.216+0000] {dag.py:3239} INFO - Sync 1 DAGs
[2026-08-30T11:36:06.320+0000] {processor.py:208} INFO - Processing /opt/airflow/projet/dags/dag_pipeline_cacao.py took 0.161 seconds
[2026-08-30T11:36:36.519+0000] {processor.py:186} INFO - Started process (PID=278) to work on /opt/airflow/projet/dags/dag_pipeline_cacao.py
[2026-08-30T11:36:36.520+0000] {processor.py:914} INFO - Processing file /opt/airflow/projet/dags/dag_pipeline_cacao.py for tasks to queue
[2026-08-30T11:36:36.522+0000] {logging_mixin.py:190} INFO - [2026-08-30T11:36:36.522+0000] {dagbag.py:588} INFO - Filling up the DagBag from /opt/airflow/projet/dags/dag_pipeline_cacao.py
[2026-08-30T11:36:36.544+0000] {processor.py:925} INFO - DAG(s) 'pipeline_cacao_ci' retrieved from /opt/airflow/projet/dags/dag_pipeline_cacao.py
[2026-08-30T11:36:36.693+0000] {logging_mixin.py:190} INFO - [2026-08-30T11:36:36.693+0000] {dag.py:3239} INFO - Sync 1 DAGs
[2026-08-30T11:36:36.708+0000] {processor.py:208} INFO - Processing /opt/airflow/projet/dags/dag_pipeline_cacao.py took 0.196 seconds
[2026-08-30T11:37:06.895+0000] {processor.py:186} INFO - Started process (PID=297) to work on /opt/airflow/projet/dags/dag_pipeline_cacao.py
[2026-08-30T11:37:06.896+0000] {processor.py:914} INFO - Processing file /opt/airflow/projet/dags/dag_pipeline_cacao.py for tasks to queue
[2026-08-30T11:37:06.897+0000] {logging_mixin.py:190} INFO - [2026-08-30T11:37:06.897+0000] {dagbag.py:588} INFO - Filling up the DagBag from /opt/airflow/projet/dags/dag_pipeline_cacao.py
[2026-08-30T11:37:06.910+0000] {processor.py:925} INFO - DAG(s) 'pipeline_cacao_ci' retrieved from /opt/airflow/projet/dags/dag_pipeline_cacao.py
[2026-08-30T11:37:06.936+0000] {logging_mixin.py:190} INFO - [2026-08-30T11:37:06.935+0000] {dag.py:3239} INFO - Sync 1 DAGs
[2026-08-30T11:37:06.952+0000] {processor.py:208} INFO - Processing /opt/airflow/projet/dags/dag_pipeline_cacao.py took 0.060 seconds
[2026-08-30T11:37:37.167+0000] {processor.py:186} INFO - Started process (PID=316) to work on /opt/airflow/projet/dags/dag_pipeline_cacao.py
[2026-08-30T11:37:37.168+0000] {processor.py:914} INFO - Processing file /opt/airflow/projet/dags/dag_pipeline_cacao.py for tasks to queue
[2026-08-30T11:37:37.171+0000] {logging_mixin.py:190} INFO - [2026-08-30T11:37:37.171+0000] {dagbag.py:588} INFO - Filling up the DagBag from /opt/airflow/projet/dags/dag_pipeline_cacao.py
[2026-08-30T11:37:37.199+0000] {processor.py:925} INFO - DAG(s) 'pipeline_cacao_ci' retrieved from /opt/airflow/projet/dags/dag_pipeline_cacao.py
[2026-08-30T11:37:37.233+0000] {logging_mixin.py:190} INFO - [2026-08-30T11:37:37.233+0000] {dag.py:3239} INFO - Sync 1 DAGs
[2026-08-30T11:37:37.391+0000] {processor.py:208} INFO - Processing /opt/airflow/projet/dags/dag_pipeline_cacao.py took 0.230 seconds
[2026-08-30T11:38:07.513+0000] {processor.py:186} INFO - Started process (PID=335) to work on /opt/airflow/projet/dags/dag_pipeline_cacao.py
[2026-08-30T11:38:07.514+0000] {processor.py:914} INFO - Processing file /opt/airflow/projet/dags/dag_pipeline_cacao.py for tasks to queue
[2026-08-30T11:38:07.516+0000] {logging_mixin.py:190} INFO - [2026-08-30T11:38:07.515+0000] {dagbag.py:588} INFO - Filling up the DagBag from /opt/airflow/projet/dags/dag_pipeline_cacao.py
[2026-08-30T11:38:07.530+0000] {processor.py:925} INFO - DAG(s) 'pipeline_cacao_ci' retrieved from /opt/airflow/projet/dags/dag_pipeline_cacao.py
[2026-08-30T11:38:07.555+0000] {logging_mixin.py:190} INFO - [2026-08-30T11:38:07.555+0000] {dag.py:3239} INFO - Sync 1 DAGs
[2026-08-30T11:38:07.654+0000] {processor.py:208} INFO - Processing /opt/airflow/projet/dags/dag_pipeline_cacao.py took 0.145 seconds
[2026-08-30T11:38:37.805+0000] {processor.py:186} INFO - Started process (PID=354) to work on /opt/airflow/projet/dags/dag_pipeline_cacao.py
[2026-08-30T11:38:37.806+0000] {processor.py:914} INFO - Processing file /opt/airflow/projet/dags/dag_pipeline_cacao.py for tasks to queue
[2026-08-30T11:38:37.808+0000] {logging_mixin.py:190} INFO - [2026-08-30T11:38:37.808+0000] {dagbag.py:588} INFO - Filling up the DagBag from /opt/airflow/projet/dags/dag_pipeline_cacao.py
[2026-08-30T11:38:37.824+0000] {processor.py:925} INFO - DAG(s) 'pipeline_cacao_ci' retrieved from /opt/airflow/projet/dags/dag_pipeline_cacao.py
[2026-08-30T11:38:37.952+0000] {logging_mixin.py:190} INFO - [2026-08-30T11:38:37.951+0000] {dag.py:3239} INFO - Sync 1 DAGs
[2026-08-30T11:38:37.970+0000] {processor.py:208} INFO - Processing /opt/airflow/projet/dags/dag_pipeline_cacao.py took 0.170 seconds
[2026-08-30T11:39:08.262+0000] {processor.py:186} INFO - Started process (PID=373) to work on /opt/airflow/projet/dags/dag_pipeline_cacao.py
[2026-08-30T11:39:08.263+0000] {processor.py:914} INFO - Processing file /opt/airflow/projet/dags/dag_pipeline_cacao.py for tasks to queue
[2026-08-30T11:39:08.265+0000] {logging_mixin.py:190} INFO - [2026-08-30T11:39:08.265+0000] {dagbag.py:588} INFO - Filling up the DagBag from /opt/airflow/projet/dags/dag_pipeline_cacao.py
[2026-08-30T11:39:08.291+0000] {processor.py:925} INFO - DAG(s) 'pipeline_cacao_ci' retrieved from /opt/airflow/projet/dags/dag_pipeline_cacao.py
[2026-08-30T11:39:08.337+0000] {logging_mixin.py:190} INFO - [2026-08-30T11:39:08.336+0000] {dag.py:3239} INFO - Sync 1 DAGs
[2026-08-30T11:39:08.388+0000] {processor.py:208} INFO - Processing /opt/airflow/projet/dags/dag_pipeline_cacao.py took 0.134 seconds
[2026-08-30T11:39:38.713+0000] {processor.py:186} INFO - Started process (PID=391) to work on /opt/airflow/projet/dags/dag_pipeline_cacao.py
[2026-08-30T11:39:38.715+0000] {processor.py:914} INFO - Processing file /opt/airflow/projet/dags/dag_pipeline_cacao.py for tasks to queue
[2026-08-30T11:39:38.719+0000] {logging_mixin.py:190} INFO - [2026-08-30T11:39:38.718+0000] {dagbag.py:588} INFO - Filling up the DagBag from /opt/airflow/projet/dags/dag_pipeline_cacao.py
[2026-08-30T11:39:38.760+0000] {processor.py:925} INFO - DAG(s) 'pipeline_cacao_ci' retrieved from /opt/airflow/projet/dags/dag_pipeline_cacao.py
[2026-08-30T11:39:38.799+0000] {logging_mixin.py:190} INFO - [2026-08-30T11:39:38.799+0000] {dag.py:3239} INFO - Sync 1 DAGs
[2026-08-30T11:39:38.833+0000] {processor.py:208} INFO - Processing /opt/airflow/projet/dags/dag_pipeline_cacao.py took 0.129 seconds
[2026-08-30T11:40:09.143+0000] {processor.py:186} INFO - Started process (PID=402) to work on /opt/airflow/projet/dags/dag_pipeline_cacao.py
[2026-08-30T11:40:09.144+0000] {processor.py:914} INFO - Processing file /opt/airflow/projet/dags/dag_pipeline_cacao.py for tasks to queue
[2026-08-30T11:40:09.146+0000] {logging_mixin.py:190} INFO - [2026-08-30T11:40:09.146+0000] {dagbag.py:588} INFO - Filling up the DagBag from /opt/airflow/projet/dags/dag_pipeline_cacao.py
[2026-08-30T11:40:09.166+0000] {processor.py:925} INFO - DAG(s) 'pipeline_cacao_ci' retrieved from /opt/airflow/projet/dags/dag_pipeline_cacao.py
[2026-08-30T11:40:09.197+0000] {logging_mixin.py:190} INFO - [2026-08-30T11:40:09.196+0000] {dag.py:3239} INFO - Sync 1 DAGs
[2026-08-30T11:40:09.220+0000] {processor.py:208} INFO - Processing /opt/airflow/projet/dags/dag_pipeline_cacao.py took 0.083 seconds
[2026-08-30T11:40:39.527+0000] {processor.py:186} INFO - Started process (PID=421) to work on /opt/airflow/projet/dags/dag_pipeline_cacao.py
[2026-08-30T11:40:39.529+0000] {processor.py:914} INFO - Processing file /opt/airflow/projet/dags/dag_pipeline_cacao.py for tasks to queue
[2026-08-30T11:40:39.531+0000] {logging_mixin.py:190} INFO - [2026-08-30T11:40:39.531+0000] {dagbag.py:588} INFO - Filling up the DagBag from /opt/airflow/projet/dags/dag_pipeline_cacao.py
[2026-08-30T11:40:39.555+0000] {processor.py:925} INFO - DAG(s) 'pipeline_cacao_ci' retrieved from /opt/airflow/projet/dags/dag_pipeline_cacao.py
[2026-08-30T11:40:39.586+0000] {logging_mixin.py:190} INFO - [2026-08-30T11:40:39.586+0000] {dag.py:3239} INFO - Sync 1 DAGs
[2026-08-30T11:40:39.605+0000] {processor.py:208} INFO - Processing /opt/airflow/projet/dags/dag_pipeline_cacao.py took 0.086 seconds
[2026-08-30T11:41:09.925+0000] {processor.py:186} INFO - Started process (PID=440) to work on /opt/airflow/projet/dags/dag_pipeline_cacao.py
[2026-08-30T11:41:09.926+0000] {processor.py:914} INFO - Processing file /opt/airflow/projet/dags/dag_pipeline_cacao.py for tasks to queue
[2026-08-30T11:41:09.927+0000] {logging_mixin.py:190} INFO - [2026-08-30T11:41:09.927+0000] {dagbag.py:588} INFO - Filling up the DagBag from /opt/airflow/projet/dags/dag_pipeline_cacao.py
[2026-08-30T11:41:09.943+0000] {processor.py:925} INFO - DAG(s) 'pipeline_cacao_ci' retrieved from /opt/airflow/projet/dags/dag_pipeline_cacao.py
[2026-08-30T11:41:09.971+0000] {logging_mixin.py:190} INFO - [2026-08-30T11:41:09.971+0000] {dag.py:3239} INFO - Sync 1 DAGs
[2026-08-30T11:41:09.988+0000] {processor.py:208} INFO - Processing /opt/airflow/projet/dags/dag_pipeline_cacao.py took 0.069 seconds
[2026-08-30T11:41:40.312+0000] {processor.py:186} INFO - Started process (PID=459) to work on /opt/airflow/projet/dags/dag_pipeline_cacao.py
[2026-08-30T11:41:40.313+0000] {processor.py:914} INFO - Processing file /opt/airflow/projet/dags/dag_pipeline_cacao.py for tasks to queue
[2026-08-30T11:41:40.316+0000] {logging_mixin.py:190} INFO - [2026-08-30T11:41:40.315+0000] {dagbag.py:588} INFO - Filling up the DagBag from /opt/airflow/projet/dags/dag_pipeline_cacao.py
[2026-08-30T11:41:40.332+0000] {processor.py:925} INFO - DAG(s) 'pipeline_cacao_ci' retrieved from /opt/airflow/projet/dags/dag_pipeline_cacao.py
[2026-08-30T11:41:40.365+0000] {logging_mixin.py:190} INFO - [2026-08-30T11:41:40.365+0000] {dag.py:3239} INFO - Sync 1 DAGs
[2026-08-30T11:41:40.386+0000] {processor.py:208} INFO - Processing /opt/airflow/projet/dags/dag_pipeline_cacao.py took 0.079 seconds
[2026-08-30T11:42:10.721+0000] {processor.py:186} INFO - Started process (PID=478) to work on /opt/airflow/projet/dags/dag_pipeline_cacao.py
[2026-08-30T11:42:10.721+0000] {processor.py:914} INFO - Processing file /opt/airflow/projet/dags/dag_pipeline_cacao.py for tasks to queue
[2026-08-30T11:42:10.723+0000] {logging_mixin.py:190} INFO - [2026-08-30T11:42:10.723+0000] {dagbag.py:588} INFO - Filling up the DagBag from /opt/airflow/projet/dags/dag_pipeline_cacao.py
[2026-08-30T11:42:10.740+0000] {processor.py:925} INFO - DAG(s) 'pipeline_cacao_ci' retrieved from /opt/airflow/projet/dags/dag_pipeline_cacao.py
[2026-08-30T11:42:10.767+0000] {logging_mixin.py:190} INFO - [2026-08-30T11:42:10.767+0000] {dag.py:3239} INFO - Sync 1 DAGs
[2026-08-30T11:42:10.784+0000] {processor.py:208} INFO - Processing /opt/airflow/projet/dags/dag_pipeline_cacao.py took 0.070 seconds
[2026-08-30T11:42:41.098+0000] {processor.py:186} INFO - Started process (PID=497) to work on /opt/airflow/projet/dags/dag_pipeline_cacao.py
[2026-08-30T11:42:41.099+0000] {processor.py:914} INFO - Processing file /opt/airflow/projet/dags/dag_pipeline_cacao.py for tasks to queue
[2026-08-30T11:42:41.102+0000] {logging_mixin.py:190} INFO - [2026-08-30T11:42:41.101+0000] {dagbag.py:588} INFO - Filling up the DagBag from /opt/airflow/projet/dags/dag_pipeline_cacao.py
[2026-08-30T11:42:41.127+0000] {processor.py:925} INFO - DAG(s) 'pipeline_cacao_ci' retrieved from /opt/airflow/projet/dags/dag_pipeline_cacao.py
[2026-08-30T11:42:41.162+0000] {logging_mixin.py:190} INFO - [2026-08-30T11:42:41.162+0000] {dag.py:3239} INFO - Sync 1 DAGs
[2026-08-30T11:42:41.189+0000] {processor.py:208} INFO - Processing /opt/airflow/projet/dags/dag_pipeline_cacao.py took 0.098 seconds
[2026-08-30T11:43:11.514+0000] {processor.py:186} INFO - Started process (PID=516) to work on /opt/airflow/projet/dags/dag_pipeline_cacao.py
[2026-08-30T11:43:11.514+0000] {processor.py:914} INFO - Processing file /opt/airflow/projet/dags/dag_pipeline_cacao.py for tasks to queue
[2026-08-30T11:43:11.516+0000] {logging_mixin.py:190} INFO - [2026-08-30T11:43:11.516+0000] {dagbag.py:588} INFO - Filling up the DagBag from /opt/airflow/projet/dags/dag_pipeline_cacao.py
[2026-08-30T11:43:11.532+0000] {processor.py:925} INFO - DAG(s) 'pipeline_cacao_ci' retrieved from /opt/airflow/projet/dags/dag_pipeline_cacao.py
[2026-08-30T11:43:11.560+0000] {logging_mixin.py:190} INFO - [2026-08-30T11:43:11.559+0000] {dag.py:3239} INFO - Sync 1 DAGs
[2026-08-30T11:43:11.576+0000] {processor.py:208} INFO - Processing /opt/airflow/projet/dags/dag_pipeline_cacao.py took 0.068 seconds
[2026-08-30T11:43:41.863+0000] {processor.py:186} INFO - Started process (PID=535) to work on /opt/airflow/projet/dags/dag_pipeline_cacao.py
[2026-08-30T11:43:41.865+0000] {processor.py:914} INFO - Processing file /opt/airflow/projet/dags/dag_pipeline_cacao.py for tasks to queue
[2026-08-30T11:43:41.868+0000] {logging_mixin.py:190} INFO - [2026-08-30T11:43:41.867+0000] {dagbag.py:588} INFO - Filling up the DagBag from /opt/airflow/projet/dags/dag_pipeline_cacao.py
[2026-08-30T11:43:41.893+0000] {processor.py:925} INFO - DAG(s) 'pipeline_cacao_ci' retrieved from /opt/airflow/projet/dags/dag_pipeline_cacao.py
[2026-08-30T11:43:41.931+0000] {logging_mixin.py:190} INFO - [2026-08-30T11:43:41.930+0000] {dag.py:3239} INFO - Sync 1 DAGs
[2026-08-30T11:43:41.959+0000] {processor.py:208} INFO - Processing /opt/airflow/projet/dags/dag_pipeline_cacao.py took 0.107 seconds
[2026-08-30T11:44:12.360+0000] {processor.py:186} INFO - Started process (PID=554) to work on /opt/airflow/projet/dags/dag_pipeline_cacao.py
[2026-08-30T11:44:12.361+0000] {processor.py:914} INFO - Processing file /opt/airflow/projet/dags/dag_pipeline_cacao.py for tasks to queue
[2026-08-30T11:44:12.362+0000] {logging_mixin.py:190} INFO - [2026-08-30T11:44:12.362+0000] {dagbag.py:588} INFO - Filling up the DagBag from /opt/airflow/projet/dags/dag_pipeline_cacao.py
[2026-08-30T11:44:12.380+0000] {processor.py:925} INFO - DAG(s) 'pipeline_cacao_ci' retrieved from /opt/airflow/projet/dags/dag_pipeline_cacao.py
[2026-08-30T11:44:12.410+0000] {logging_mixin.py:190} INFO - [2026-08-30T11:44:12.410+0000] {dag.py:3239} INFO - Sync 1 DAGs
[2026-08-30T11:44:12.433+0000] {processor.py:208} INFO - Processing /opt/airflow/projet/dags/dag_pipeline_cacao.py took 0.078 seconds
[2026-08-30T11:44:42.743+0000] {processor.py:186} INFO - Started process (PID=573) to work on /opt/airflow/projet/dags/dag_pipeline_cacao.py
[2026-08-30T11:44:42.744+0000] {processor.py:914} INFO - Processing file /opt/airflow/projet/dags/dag_pipeline_cacao.py for tasks to queue
[2026-08-30T11:44:42.747+0000] {logging_mixin.py:190} INFO - [2026-08-30T11:44:42.746+0000] {dagbag.py:588} INFO - Filling up the DagBag from /opt/airflow/projet/dags/dag_pipeline_cacao.py
[2026-08-30T11:44:42.771+0000] {processor.py:925} INFO - DAG(s) 'pipeline_cacao_ci' retrieved from /opt/airflow/projet/dags/dag_pipeline_cacao.py
[2026-08-30T11:44:42.797+0000] {logging_mixin.py:190} INFO - [2026-08-30T11:44:42.797+0000] {dag.py:3239} INFO - Sync 1 DAGs
[2026-08-30T11:44:42.815+0000] {processor.py:208} INFO - Processing /opt/airflow/projet/dags/dag_pipeline_cacao.py took 0.082 seconds
[2026-08-30T11:45:13.202+0000] {processor.py:186} INFO - Started process (PID=592) to work on /opt/airflow/projet/dags/dag_pipeline_cacao.py
[2026-08-30T11:45:13.203+0000] {processor.py:914} INFO - Processing file /opt/airflow/projet/dags/dag_pipeline_cacao.py for tasks to queue
[2026-08-30T11:45:13.205+0000] {logging_mixin.py:190} INFO - [2026-08-30T11:45:13.205+0000] {dagbag.py:588} INFO - Filling up the DagBag from /opt/airflow/projet/dags/dag_pipeline_cacao.py
[2026-08-30T11:45:13.224+0000] {processor.py:925} INFO - DAG(s) 'pipeline_cacao_ci' retrieved from /opt/airflow/projet/dags/dag_pipeline_cacao.py
[2026-08-30T11:45:13.252+0000] {logging_mixin.py:190} INFO - [2026-08-30T11:45:13.252+0000] {dag.py:3239} INFO - Sync 1 DAGs
[2026-08-30T11:45:13.272+0000] {processor.py:208} INFO - Processing /opt/airflow/projet/dags/dag_pipeline_cacao.py took 0.076 seconds
[2026-08-30T11:45:43.594+0000] {processor.py:186} INFO - Started process (PID=611) to work on /opt/airflow/projet/dags/dag_pipeline_cacao.py
[2026-08-30T11:45:43.595+0000] {processor.py:914} INFO - Processing file /opt/airflow/projet/dags/dag_pipeline_cacao.py for tasks to queue
[2026-08-30T11:45:43.597+0000] {logging_mixin.py:190} INFO - [2026-08-30T11:45:43.597+0000] {dagbag.py:588} INFO - Filling up the DagBag from /opt/airflow/projet/dags/dag_pipeline_cacao.py
[2026-08-30T11:45:43.621+0000] {processor.py:925} INFO - DAG(s) 'pipeline_cacao_ci' retrieved from /opt/airflow/projet/dags/dag_pipeline_cacao.py
[2026-08-30T11:45:43.651+0000] {logging_mixin.py:190} INFO - [2026-08-30T11:45:43.651+0000] {dag.py:3239} INFO - Sync 1 DAGs
[2026-08-30T11:45:43.671+0000] {processor.py:208} INFO - Processing /opt/airflow/projet/dags/dag_pipeline_cacao.py took 0.085 seconds
[2026-08-30T11:46:14.016+0000] {processor.py:186} INFO - Started process (PID=629) to work on /opt/airflow/projet/dags/dag_pipeline_cacao.py
[2026-08-30T11:46:14.017+0000] {processor.py:914} INFO - Processing file /opt/airflow/projet/dags/dag_pipeline_cacao.py for tasks to queue
[2026-08-30T11:46:14.020+0000] {logging_mixin.py:190} INFO - [2026-08-30T11:46:14.020+0000] {dagbag.py:588} INFO - Filling up the DagBag from /opt/airflow/projet/dags/dag_pipeline_cacao.py
[2026-08-30T11:46:14.040+0000] {processor.py:925} INFO - DAG(s) 'pipeline_cacao_ci' retrieved from /opt/airflow/projet/dags/dag_pipeline_cacao.py
[2026-08-30T11:46:14.071+0000] {logging_mixin.py:190} INFO - [2026-08-30T11:46:14.071+0000] {dag.py:3239} INFO - Sync 1 DAGs
[2026-08-30T11:46:14.092+0000] {processor.py:208} INFO - Processing /opt/airflow/projet/dags/dag_pipeline_cacao.py took 0.084 seconds
[2026-08-30T11:46:44.442+0000] {processor.py:186} INFO - Started process (PID=640) to work on /opt/airflow/projet/dags/dag_pipeline_cacao.py
[2026-08-30T11:46:44.443+0000] {processor.py:914} INFO - Processing file /opt/airflow/projet/dags/dag_pipeline_cacao.py for tasks to queue
[2026-08-30T11:46:44.445+0000] {logging_mixin.py:190} INFO - [2026-08-30T11:46:44.445+0000] {dagbag.py:588} INFO - Filling up the DagBag from /opt/airflow/projet/dags/dag_pipeline_cacao.py
[2026-08-30T11:46:44.461+0000] {processor.py:925} INFO - DAG(s) 'pipeline_cacao_ci' retrieved from /opt/airflow/projet/dags/dag_pipeline_cacao.py
[2026-08-30T11:46:44.490+0000] {logging_mixin.py:190} INFO - [2026-08-30T11:46:44.490+0000] {dag.py:3239} INFO - Sync 1 DAGs
[2026-08-30T11:46:44.507+0000] {processor.py:208} INFO - Processing /opt/airflow/projet/dags/dag_pipeline_cacao.py took 0.072 seconds
[2026-08-30T11:47:14.819+0000] {processor.py:186} INFO - Started process (PID=659) to work on /opt/airflow/projet/dags/dag_pipeline_cacao.py
[2026-08-30T11:47:14.820+0000] {processor.py:914} INFO - Processing file /opt/airflow/projet/dags/dag_pipeline_cacao.py for tasks to queue
[2026-08-30T11:47:14.823+0000] {logging_mixin.py:190} INFO - [2026-08-30T11:47:14.822+0000] {dagbag.py:588} INFO - Filling up the DagBag from /opt/airflow/projet/dags/dag_pipeline_cacao.py
[2026-08-30T11:47:14.849+0000] {processor.py:925} INFO - DAG(s) 'pipeline_cacao_ci' retrieved from /opt/airflow/projet/dags/dag_pipeline_cacao.py
[2026-08-30T11:47:14.885+0000] {logging_mixin.py:190} INFO - [2026-08-30T11:47:14.885+0000] {dag.py:3239} INFO - Sync 1 DAGs
[2026-08-30T11:47:14.915+0000] {processor.py:208} INFO - Processing /opt/airflow/projet/dags/dag_pipeline_cacao.py took 0.103 seconds
[2026-08-30T11:47:45.192+0000] {processor.py:186} INFO - Started process (PID=678) to work on /opt/airflow/projet/dags/dag_pipeline_cacao.py
[2026-08-30T11:47:45.193+0000] {processor.py:914} INFO - Processing file /opt/airflow/projet/dags/dag_pipeline_cacao.py for tasks to queue
[2026-08-30T11:47:45.195+0000] {logging_mixin.py:190} INFO - [2026-08-30T11:47:45.195+0000] {dagbag.py:588} INFO - Filling up the DagBag from /opt/airflow/projet/dags/dag_pipeline_cacao.py
[2026-08-30T11:47:45.213+0000] {processor.py:925} INFO - DAG(s) 'pipeline_cacao_ci' retrieved from /opt/airflow/projet/dags/dag_pipeline_cacao.py
[2026-08-30T11:47:45.248+0000] {logging_mixin.py:190} INFO - [2026-08-30T11:47:45.248+0000] {dag.py:3239} INFO - Sync 1 DAGs
[2026-08-30T11:47:45.271+0000] {processor.py:208} INFO - Processing /opt/airflow/projet/dags/dag_pipeline_cacao.py took 0.085 seconds
[2026-08-30T11:48:15.580+0000] {processor.py:186} INFO - Started process (PID=697) to work on /opt/airflow/projet/dags/dag_pipeline_cacao.py
[2026-08-30T11:48:15.581+0000] {processor.py:914} INFO - Processing file /opt/airflow/projet/dags/dag_pipeline_cacao.py for tasks to queue
[2026-08-30T11:48:15.585+0000] {logging_mixin.py:190} INFO - [2026-08-30T11:48:15.585+0000] {dagbag.py:588} INFO - Filling up the DagBag from /opt/airflow/projet/dags/dag_pipeline_cacao.py
[2026-08-30T11:48:15.610+0000] {processor.py:925} INFO - DAG(s) 'pipeline_cacao_ci' retrieved from /opt/airflow/projet/dags/dag_pipeline_cacao.py
[2026-08-30T11:48:15.645+0000] {logging_mixin.py:190} INFO - [2026-08-30T11:48:15.645+0000] {dag.py:3239} INFO - Sync 1 DAGs
[2026-08-30T11:48:15.676+0000] {processor.py:208} INFO - Processing /opt/airflow/projet/dags/dag_pipeline_cacao.py took 0.106 seconds
[2026-08-30T11:48:45.940+0000] {processor.py:186} INFO - Started process (PID=716) to work on /opt/airflow/projet/dags/dag_pipeline_cacao.py
[2026-08-30T11:48:45.941+0000] {processor.py:914} INFO - Processing file /opt/airflow/projet/dags/dag_pipeline_cacao.py for tasks to queue
[2026-08-30T11:48:45.944+0000] {logging_mixin.py:190} INFO - [2026-08-30T11:48:45.943+0000] {dagbag.py:588} INFO - Filling up the DagBag from /opt/airflow/projet/dags/dag_pipeline_cacao.py
[2026-08-30T11:48:45.965+0000] {processor.py:925} INFO - DAG(s) 'pipeline_cacao_ci' retrieved from /opt/airflow/projet/dags/dag_pipeline_cacao.py
[2026-08-30T11:48:45.996+0000] {logging_mixin.py:190} INFO - [2026-08-30T11:48:45.996+0000] {dag.py:3239} INFO - Sync 1 DAGs
[2026-08-30T11:48:46.018+0000] {processor.py:208} INFO - Processing /opt/airflow/projet/dags/dag_pipeline_cacao.py took 0.086 seconds
[2026-08-30T11:49:16.331+0000] {processor.py:186} INFO - Started process (PID=735) to work on /opt/airflow/projet/dags/dag_pipeline_cacao.py
[2026-08-30T11:49:16.332+0000] {processor.py:914} INFO - Processing file /opt/airflow/projet/dags/dag_pipeline_cacao.py for tasks to queue
[2026-08-30T11:49:16.334+0000] {logging_mixin.py:190} INFO - [2026-08-30T11:49:16.334+0000] {dagbag.py:588} INFO - Filling up the DagBag from /opt/airflow/projet/dags/dag_pipeline_cacao.py
[2026-08-30T11:49:16.351+0000] {processor.py:925} INFO - DAG(s) 'pipeline_cacao_ci' retrieved from /opt/airflow/projet/dags/dag_pipeline_cacao.py
[2026-08-30T11:49:16.377+0000] {logging_mixin.py:190} INFO - [2026-08-30T11:49:16.376+0000] {dag.py:3239} INFO - Sync 1 DAGs
[2026-08-30T11:49:16.394+0000] {processor.py:208} INFO - Processing /opt/airflow/projet/dags/dag_pipeline_cacao.py took 0.069 seconds
[2026-08-30T11:49:46.722+0000] {processor.py:186} INFO - Started process (PID=754) to work on /opt/airflow/projet/dags/dag_pipeline_cacao.py
[2026-08-30T11:49:46.723+0000] {processor.py:914} INFO - Processing file /opt/airflow/projet/dags/dag_pipeline_cacao.py for tasks to queue
[2026-08-30T11:49:46.724+0000] {logging_mixin.py:190} INFO - [2026-08-30T11:49:46.724+0000] {dagbag.py:588} INFO - Filling up the DagBag from /opt/airflow/projet/dags/dag_pipeline_cacao.py
[2026-08-30T11:49:46.736+0000] {processor.py:925} INFO - DAG(s) 'pipeline_cacao_ci' retrieved from /opt/airflow/projet/dags/dag_pipeline_cacao.py
[2026-08-30T11:49:46.766+0000] {logging_mixin.py:190} INFO - [2026-08-30T11:49:46.765+0000] {dag.py:3239} INFO - Sync 1 DAGs
[2026-08-30T11:49:46.784+0000] {processor.py:208} INFO - Processing /opt/airflow/projet/dags/dag_pipeline_cacao.py took 0.068 seconds
[2026-08-30T11:50:17.100+0000] {processor.py:186} INFO - Started process (PID=773) to work on /opt/airflow/projet/dags/dag_pipeline_cacao.py
[2026-08-30T11:50:17.101+0000] {processor.py:914} INFO - Processing file /opt/airflow/projet/dags/dag_pipeline_cacao.py for tasks to queue
[2026-08-30T11:50:17.104+0000] {logging_mixin.py:190} INFO - [2026-08-30T11:50:17.104+0000] {dagbag.py:588} INFO - Filling up the DagBag from /opt/airflow/projet/dags/dag_pipeline_cacao.py
[2026-08-30T11:50:17.129+0000] {processor.py:925} INFO - DAG(s) 'pipeline_cacao_ci' retrieved from /opt/airflow/projet/dags/dag_pipeline_cacao.py
[2026-08-30T11:50:17.168+0000] {logging_mixin.py:190} INFO - [2026-08-30T11:50:17.168+0000] {dag.py:3239} INFO - Sync 1 DAGs
[2026-08-30T11:50:17.194+0000] {processor.py:208} INFO - Processing /opt/airflow/projet/dags/dag_pipeline_cacao.py took 0.104 seconds
[2026-08-30T11:50:47.496+0000] {processor.py:186} INFO - Started process (PID=792) to work on /opt/airflow/projet/dags/dag_pipeline_cacao.py
[2026-08-30T11:50:47.496+0000] {processor.py:914} INFO - Processing file /opt/airflow/projet/dags/dag_pipeline_cacao.py for tasks to queue
[2026-08-30T11:50:47.498+0000] {logging_mixin.py:190} INFO - [2026-08-30T11:50:47.497+0000] {dagbag.py:588} INFO - Filling up the DagBag from /opt/airflow/projet/dags/dag_pipeline_cacao.py
[2026-08-30T11:50:47.512+0000] {processor.py:925} INFO - DAG(s) 'pipeline_cacao_ci' retrieved from /opt/airflow/projet/dags/dag_pipeline_cacao.py
[2026-08-30T11:50:47.536+0000] {logging_mixin.py:190} INFO - [2026-08-30T11:50:47.536+0000] {dag.py:3239} INFO - Sync 1 DAGs
[2026-08-30T11:50:47.553+0000] {processor.py:208} INFO - Processing /opt/airflow/projet/dags/dag_pipeline_cacao.py took 0.061 seconds
[2026-08-30T11:51:17.888+0000] {processor.py:186} INFO - Started process (PID=811) to work on /opt/airflow/projet/dags/dag_pipeline_cacao.py
[2026-08-30T11:51:17.888+0000] {processor.py:914} INFO - Processing file /opt/airflow/projet/dags/dag_pipeline_cacao.py for tasks to queue
[2026-08-30T11:51:17.890+0000] {logging_mixin.py:190} INFO - [2026-08-30T11:51:17.890+0000] {dagbag.py:588} INFO - Filling up the DagBag from /opt/airflow/projet/dags/dag_pipeline_cacao.py
[2026-08-30T11:51:17.907+0000] {processor.py:925} INFO - DAG(s) 'pipeline_cacao_ci' retrieved from /opt/airflow/projet/dags/dag_pipeline_cacao.py
[2026-08-30T11:51:17.931+0000] {logging_mixin.py:190} INFO - [2026-08-30T11:51:17.931+0000] {dag.py:3239} INFO - Sync 1 DAGs
[2026-08-30T11:51:17.948+0000] {processor.py:208} INFO - Processing /opt/airflow/projet/dags/dag_pipeline_cacao.py took 0.066 seconds
[2026-08-30T11:51:48.241+0000] {processor.py:186} INFO - Started process (PID=830) to work on /opt/airflow/projet/dags/dag_pipeline_cacao.py
[2026-08-30T11:51:48.242+0000] {processor.py:914} INFO - Processing file /opt/airflow/projet/dags/dag_pipeline_cacao.py for tasks to queue
[2026-08-30T11:51:48.243+0000] {logging_mixin.py:190} INFO - [2026-08-30T11:51:48.243+0000] {dagbag.py:588} INFO - Filling up the DagBag from /opt/airflow/projet/dags/dag_pipeline_cacao.py
[2026-08-30T11:51:48.260+0000] {processor.py:925} INFO - DAG(s) 'pipeline_cacao_ci' retrieved from /opt/airflow/projet/dags/dag_pipeline_cacao.py
[2026-08-30T11:51:48.287+0000] {logging_mixin.py:190} INFO - [2026-08-30T11:51:48.287+0000] {dag.py:3239} INFO - Sync 1 DAGs
[2026-08-30T11:51:48.308+0000] {processor.py:208} INFO - Processing /opt/airflow/projet/dags/dag_pipeline_cacao.py took 0.072 seconds
[2026-08-30T11:52:18.623+0000] {processor.py:186} INFO - Started process (PID=849) to work on /opt/airflow/projet/dags/dag_pipeline_cacao.py
[2026-08-30T11:52:18.625+0000] {processor.py:914} INFO - Processing file /opt/airflow/projet/dags/dag_pipeline_cacao.py for tasks to queue
[2026-08-30T11:52:18.629+0000] {logging_mixin.py:190} INFO - [2026-08-30T11:52:18.629+0000] {dagbag.py:588} INFO - Filling up the DagBag from /opt/airflow/projet/dags/dag_pipeline_cacao.py
[2026-08-30T11:52:18.653+0000] {processor.py:925} INFO - DAG(s) 'pipeline_cacao_ci' retrieved from /opt/airflow/projet/dags/dag_pipeline_cacao.py
[2026-08-30T11:52:18.689+0000] {logging_mixin.py:190} INFO - [2026-08-30T11:52:18.689+0000] {dag.py:3239} INFO - Sync 1 DAGs
[2026-08-30T11:52:18.716+0000] {processor.py:208} INFO - Processing /opt/airflow/projet/dags/dag_pipeline_cacao.py took 0.105 seconds
[2026-08-30T11:52:49.004+0000] {processor.py:186} INFO - Started process (PID=868) to work on /opt/airflow/projet/dags/dag_pipeline_cacao.py
[2026-08-30T11:52:49.005+0000] {processor.py:914} INFO - Processing file /opt/airflow/projet/dags/dag_pipeline_cacao.py for tasks to queue
[2026-08-30T11:52:49.007+0000] {logging_mixin.py:190} INFO - [2026-08-30T11:52:49.006+0000] {dagbag.py:588} INFO - Filling up the DagBag from /opt/airflow/projet/dags/dag_pipeline_cacao.py
[2026-08-30T11:52:49.021+0000] {processor.py:925} INFO - DAG(s) 'pipeline_cacao_ci' retrieved from /opt/airflow/projet/dags/dag_pipeline_cacao.py
[2026-08-30T11:52:49.048+0000] {logging_mixin.py:190} INFO - [2026-08-30T11:52:49.048+0000] {dag.py:3239} INFO - Sync 1 DAGs
[2026-08-30T11:52:49.064+0000] {processor.py:208} INFO - Processing /opt/airflow/projet/dags/dag_pipeline_cacao.py took 0.067 seconds
[2026-08-30T11:53:19.411+0000] {processor.py:186} INFO - Started process (PID=886) to work on /opt/airflow/projet/dags/dag_pipeline_cacao.py
[2026-08-30T11:53:19.411+0000] {processor.py:914} INFO - Processing file /opt/airflow/projet/dags/dag_pipeline_cacao.py for tasks to queue
[2026-08-30T11:53:19.413+0000] {logging_mixin.py:190} INFO - [2026-08-30T11:53:19.413+0000] {dagbag.py:588} INFO - Filling up the DagBag from /opt/airflow/projet/dags/dag_pipeline_cacao.py
[2026-08-30T11:53:19.425+0000] {processor.py:925} INFO - DAG(s) 'pipeline_cacao_ci' retrieved from /opt/airflow/projet/dags/dag_pipeline_cacao.py
[2026-08-30T11:53:19.450+0000] {logging_mixin.py:190} INFO - [2026-08-30T11:53:19.450+0000] {dag.py:3239} INFO - Sync 1 DAGs
[2026-08-30T11:53:19.466+0000] {processor.py:208} INFO - Processing /opt/airflow/projet/dags/dag_pipeline_cacao.py took 0.060 seconds
[2026-08-30T11:53:49.839+0000] {processor.py:186} INFO - Started process (PID=897) to work on /opt/airflow/projet/dags/dag_pipeline_cacao.py
[2026-08-30T11:53:49.839+0000] {processor.py:914} INFO - Processing file /opt/airflow/projet/dags/dag_pipeline_cacao.py for tasks to queue
[2026-08-30T11:53:49.841+0000] {logging_mixin.py:190} INFO - [2026-08-30T11:53:49.841+0000] {dagbag.py:588} INFO - Filling up the DagBag from /opt/airflow/projet/dags/dag_pipeline_cacao.py
[2026-08-30T11:53:49.857+0000] {processor.py:925} INFO - DAG(s) 'pipeline_cacao_ci' retrieved from /opt/airflow/projet/dags/dag_pipeline_cacao.py
[2026-08-30T11:53:49.886+0000] {logging_mixin.py:190} INFO - [2026-08-30T11:53:49.886+0000] {dag.py:3239} INFO - Sync 1 DAGs
[2026-08-30T11:53:49.904+0000] {processor.py:208} INFO - Processing /opt/airflow/projet/dags/dag_pipeline_cacao.py took 0.072 seconds
[2026-08-30T11:54:20.271+0000] {processor.py:186} INFO - Started process (PID=916) to work on /opt/airflow/projet/dags/dag_pipeline_cacao.py
[2026-08-30T11:54:20.272+0000] {processor.py:914} INFO - Processing file /opt/airflow/projet/dags/dag_pipeline_cacao.py for tasks to queue
[2026-08-30T11:54:20.273+0000] {logging_mixin.py:190} INFO - [2026-08-30T11:54:20.273+0000] {dagbag.py:588} INFO - Filling up the DagBag from /opt/airflow/projet/dags/dag_pipeline_cacao.py
[2026-08-30T11:54:20.290+0000] {processor.py:925} INFO - DAG(s) 'pipeline_cacao_ci' retrieved from /opt/airflow/projet/dags/dag_pipeline_cacao.py
[2026-08-30T11:54:20.317+0000] {logging_mixin.py:190} INFO - [2026-08-30T11:54:20.317+0000] {dag.py:3239} INFO - Sync 1 DAGs
[2026-08-30T11:54:20.334+0000] {processor.py:208} INFO - Processing /opt/airflow/projet/dags/dag_pipeline_cacao.py took 0.070 seconds
[2026-08-30T11:54:50.655+0000] {processor.py:186} INFO - Started process (PID=935) to work on /opt/airflow/projet/dags/dag_pipeline_cacao.py
[2026-08-30T11:54:50.656+0000] {processor.py:914} INFO - Processing file /opt/airflow/projet/dags/dag_pipeline_cacao.py for tasks to queue
[2026-08-30T11:54:50.659+0000] {logging_mixin.py:190} INFO - [2026-08-30T11:54:50.659+0000] {dagbag.py:588} INFO - Filling up the DagBag from /opt/airflow/projet/dags/dag_pipeline_cacao.py
[2026-08-30T11:54:50.682+0000] {processor.py:925} INFO - DAG(s) 'pipeline_cacao_ci' retrieved from /opt/airflow/projet/dags/dag_pipeline_cacao.py
[2026-08-30T11:54:50.712+0000] {logging_mixin.py:190} INFO - [2026-08-30T11:54:50.712+0000] {dag.py:3239} INFO - Sync 1 DAGs
[2026-08-30T11:54:50.732+0000] {processor.py:208} INFO - Processing /opt/airflow/projet/dags/dag_pipeline_cacao.py took 0.085 seconds
[2026-08-30T11:55:20.990+0000] {processor.py:186} INFO - Started process (PID=954) to work on /opt/airflow/projet/dags/dag_pipeline_cacao.py
[2026-08-30T11:55:20.991+0000] {processor.py:914} INFO - Processing file /opt/airflow/projet/dags/dag_pipeline_cacao.py for tasks to queue
[2026-08-30T11:55:20.993+0000] {logging_mixin.py:190} INFO - [2026-08-30T11:55:20.993+0000] {dagbag.py:588} INFO - Filling up the DagBag from /opt/airflow/projet/dags/dag_pipeline_cacao.py
[2026-08-30T11:55:21.012+0000] {processor.py:925} INFO - DAG(s) 'pipeline_cacao_ci' retrieved from /opt/airflow/projet/dags/dag_pipeline_cacao.py
[2026-08-30T11:55:21.041+0000] {logging_mixin.py:190} INFO - [2026-08-30T11:55:21.041+0000] {dag.py:3239} INFO - Sync 1 DAGs
[2026-08-30T11:55:21.059+0000] {processor.py:208} INFO - Processing /opt/airflow/projet/dags/dag_pipeline_cacao.py took 0.074 seconds
[2026-08-30T11:55:51.375+0000] {processor.py:186} INFO - Started process (PID=973) to work on /opt/airflow/projet/dags/dag_pipeline_cacao.py
[2026-08-30T11:55:51.376+0000] {processor.py:914} INFO - Processing file /opt/airflow/projet/dags/dag_pipeline_cacao.py for tasks to queue
[2026-08-30T11:55:51.377+0000] {logging_mixin.py:190} INFO - [2026-08-30T11:55:51.377+0000] {dagbag.py:588} INFO - Filling up the DagBag from /opt/airflow/projet/dags/dag_pipeline_cacao.py
[2026-08-30T11:55:51.393+0000] {processor.py:925} INFO - DAG(s) 'pipeline_cacao_ci' retrieved from /opt/airflow/projet/dags/dag_pipeline_cacao.py
[2026-08-30T11:55:51.422+0000] {logging_mixin.py:190} INFO - [2026-08-30T11:55:51.422+0000] {dag.py:3239} INFO - Sync 1 DAGs
[2026-08-30T11:55:51.440+0000] {processor.py:208} INFO - Processing /opt/airflow/projet/dags/dag_pipeline_cacao.py took 0.071 seconds
[2026-08-30T11:56:21.755+0000] {processor.py:186} INFO - Started process (PID=992) to work on /opt/airflow/projet/dags/dag_pipeline_cacao.py
[2026-08-30T11:56:21.755+0000] {processor.py:914} INFO - Processing file /opt/airflow/projet/dags/dag_pipeline_cacao.py for tasks to queue
[2026-08-30T11:56:21.757+0000] {logging_mixin.py:190} INFO - [2026-08-30T11:56:21.757+0000] {dagbag.py:588} INFO - Filling up the DagBag from /opt/airflow/projet/dags/dag_pipeline_cacao.py
[2026-08-30T11:56:21.774+0000] {processor.py:925} INFO - DAG(s) 'pipeline_cacao_ci' retrieved from /opt/airflow/projet/dags/dag_pipeline_cacao.py
[2026-08-30T11:56:21.801+0000] {logging_mixin.py:190} INFO - [2026-08-30T11:56:21.801+0000] {dag.py:3239} INFO - Sync 1 DAGs
[2026-08-30T11:56:21.818+0000] {processor.py:208} INFO - Processing /opt/airflow/projet/dags/dag_pipeline_cacao.py took 0.070 seconds
[2026-08-30T11:56:52.171+0000] {processor.py:186} INFO - Started process (PID=1011) to work on /opt/airflow/projet/dags/dag_pipeline_cacao.py
[2026-08-30T11:56:52.172+0000] {processor.py:914} INFO - Processing file /opt/airflow/projet/dags/dag_pipeline_cacao.py for tasks to queue
[2026-08-30T11:56:52.175+0000] {logging_mixin.py:190} INFO - [2026-08-30T11:56:52.174+0000] {dagbag.py:588} INFO - Filling up the DagBag from /opt/airflow/projet/dags/dag_pipeline_cacao.py
[2026-08-30T11:56:52.195+0000] {processor.py:925} INFO - DAG(s) 'pipeline_cacao_ci' retrieved from /opt/airflow/projet/dags/dag_pipeline_cacao.py
[2026-08-30T11:56:52.222+0000] {logging_mixin.py:190} INFO - [2026-08-30T11:56:52.222+0000] {dag.py:3239} INFO - Sync 1 DAGs
[2026-08-30T11:56:52.239+0000] {processor.py:208} INFO - Processing /opt/airflow/projet/dags/dag_pipeline_cacao.py took 0.077 seconds
[2026-08-30T11:57:22.580+0000] {processor.py:186} INFO - Started process (PID=1030) to work on /opt/airflow/projet/dags/dag_pipeline_cacao.py
[2026-08-30T11:57:22.581+0000] {processor.py:914} INFO - Processing file /opt/airflow/projet/dags/dag_pipeline_cacao.py for tasks to queue
[2026-08-30T11:57:22.585+0000] {logging_mixin.py:190} INFO - [2026-08-30T11:57:22.584+0000] {dagbag.py:588} INFO - Filling up the DagBag from /opt/airflow/projet/dags/dag_pipeline_cacao.py
[2026-08-30T11:57:22.610+0000] {processor.py:925} INFO - DAG(s) 'pipeline_cacao_ci' retrieved from /opt/airflow/projet/dags/dag_pipeline_cacao.py
[2026-08-30T11:57:22.640+0000] {logging_mixin.py:190} INFO - [2026-08-30T11:57:22.640+0000] {dag.py:3239} INFO - Sync 1 DAGs
[2026-08-30T11:57:22.661+0000] {processor.py:208} INFO - Processing /opt/airflow/projet/dags/dag_pipeline_cacao.py took 0.092 seconds
[2026-08-30T11:57:52.968+0000] {processor.py:186} INFO - Started process (PID=1049) to work on /opt/airflow/projet/dags/dag_pipeline_cacao.py
[2026-08-30T11:57:52.969+0000] {processor.py:914} INFO - Processing file /opt/airflow/projet/dags/dag_pipeline_cacao.py for tasks to queue
[2026-08-30T11:57:52.971+0000] {logging_mixin.py:190} INFO - [2026-08-30T11:57:52.970+0000] {dagbag.py:588} INFO - Filling up the DagBag from /opt/airflow/projet/dags/dag_pipeline_cacao.py
[2026-08-30T11:57:52.992+0000] {processor.py:925} INFO - DAG(s) 'pipeline_cacao_ci' retrieved from /opt/airflow/projet/dags/dag_pipeline_cacao.py
[2026-08-30T11:57:53.018+0000] {logging_mixin.py:190} INFO - [2026-08-30T11:57:53.017+0000] {dag.py:3239} INFO - Sync 1 DAGs
[2026-08-30T11:57:53.035+0000] {processor.py:208} INFO - Processing /opt/airflow/projet/dags/dag_pipeline_cacao.py took 0.075 seconds
[2026-08-30T11:58:23.361+0000] {processor.py:186} INFO - Started process (PID=1068) to work on /opt/airflow/projet/dags/dag_pipeline_cacao.py
[2026-08-30T11:58:23.364+0000] {processor.py:914} INFO - Processing file /opt/airflow/projet/dags/dag_pipeline_cacao.py for tasks to queue
[2026-08-30T11:58:23.370+0000] {logging_mixin.py:190} INFO - [2026-08-30T11:58:23.370+0000] {dagbag.py:588} INFO - Filling up the DagBag from /opt/airflow/projet/dags/dag_pipeline_cacao.py
[2026-08-30T11:58:23.397+0000] {processor.py:925} INFO - DAG(s) 'pipeline_cacao_ci' retrieved from /opt/airflow/projet/dags/dag_pipeline_cacao.py
[2026-08-30T11:58:23.427+0000] {logging_mixin.py:190} INFO - [2026-08-30T11:58:23.427+0000] {dag.py:3239} INFO - Sync 1 DAGs
[2026-08-30T11:58:23.456+0000] {processor.py:208} INFO - Processing /opt/airflow/projet/dags/dag_pipeline_cacao.py took 0.101 seconds
[2026-08-30T11:58:53.704+0000] {processor.py:186} INFO - Started process (PID=1087) to work on /opt/airflow/projet/dags/dag_pipeline_cacao.py
[2026-08-30T11:58:53.704+0000] {processor.py:914} INFO - Processing file /opt/airflow/projet/dags/dag_pipeline_cacao.py for tasks to queue
[2026-08-30T11:58:53.706+0000] {logging_mixin.py:190} INFO - [2026-08-30T11:58:53.706+0000] {dagbag.py:588} INFO - Filling up the DagBag from /opt/airflow/projet/dags/dag_pipeline_cacao.py
[2026-08-30T11:58:53.723+0000] {processor.py:925} INFO - DAG(s) 'pipeline_cacao_ci' retrieved from /opt/airflow/projet/dags/dag_pipeline_cacao.py
[2026-08-30T11:58:53.753+0000] {logging_mixin.py:190} INFO - [2026-08-30T11:58:53.753+0000] {dag.py:3239} INFO - Sync 1 DAGs
[2026-08-30T11:58:53.771+0000] {processor.py:208} INFO - Processing /opt/airflow/projet/dags/dag_pipeline_cacao.py took 0.075 seconds
[2026-08-30T11:59:24.134+0000] {processor.py:186} INFO - Started process (PID=1106) to work on /opt/airflow/projet/dags/dag_pipeline_cacao.py
[2026-08-30T11:59:24.135+0000] {processor.py:914} INFO - Processing file /opt/airflow/projet/dags/dag_pipeline_cacao.py for tasks to queue
[2026-08-30T11:59:24.138+0000] {logging_mixin.py:190} INFO - [2026-08-30T11:59:24.138+0000] {dagbag.py:588} INFO - Filling up the DagBag from /opt/airflow/projet/dags/dag_pipeline_cacao.py
[2026-08-30T11:59:24.160+0000] {processor.py:925} INFO - DAG(s) 'pipeline_cacao_ci' retrieved from /opt/airflow/projet/dags/dag_pipeline_cacao.py
[2026-08-30T11:59:24.193+0000] {logging_mixin.py:190} INFO - [2026-08-30T11:59:24.192+0000] {dag.py:3239} INFO - Sync 1 DAGs
[2026-08-30T11:59:24.212+0000] {processor.py:208} INFO - Processing /opt/airflow/projet/dags/dag_pipeline_cacao.py took 0.085 seconds
[2026-08-30T11:59:54.548+0000] {processor.py:186} INFO - Started process (PID=1125) to work on /opt/airflow/projet/dags/dag_pipeline_cacao.py
[2026-08-30T11:59:54.549+0000] {processor.py:914} INFO - Processing file /opt/airflow/projet/dags/dag_pipeline_cacao.py for tasks to queue
[2026-08-30T11:59:54.551+0000] {logging_mixin.py:190} INFO - [2026-08-30T11:59:54.551+0000] {dagbag.py:588} INFO - Filling up the DagBag from /opt/airflow/projet/dags/dag_pipeline_cacao.py
[2026-08-30T11:59:54.569+0000] {processor.py:925} INFO - DAG(s) 'pipeline_cacao_ci' retrieved from /opt/airflow/projet/dags/dag_pipeline_cacao.py
[2026-08-30T11:59:54.595+0000] {logging_mixin.py:190} INFO - [2026-08-30T11:59:54.595+0000] {dag.py:3239} INFO - Sync 1 DAGs
[2026-08-30T11:59:54.611+0000] {processor.py:208} INFO - Processing /opt/airflow/projet/dags/dag_pipeline_cacao.py took 0.070 seconds
[2026-08-30T12:00:24.929+0000] {processor.py:186} INFO - Started process (PID=1143) to work on /opt/airflow/projet/dags/dag_pipeline_cacao.py
[2026-08-30T12:00:24.930+0000] {processor.py:914} INFO - Processing file /opt/airflow/projet/dags/dag_pipeline_cacao.py for tasks to queue
[2026-08-30T12:00:24.931+0000] {logging_mixin.py:190} INFO - [2026-08-30T12:00:24.931+0000] {dagbag.py:588} INFO - Filling up the DagBag from /opt/airflow/projet/dags/dag_pipeline_cacao.py
[2026-08-30T12:00:24.943+0000] {processor.py:925} INFO - DAG(s) 'pipeline_cacao_ci' retrieved from /opt/airflow/projet/dags/dag_pipeline_cacao.py
[2026-08-30T12:00:24.968+0000] {logging_mixin.py:190} INFO - [2026-08-30T12:00:24.967+0000] {dag.py:3239} INFO - Sync 1 DAGs
[2026-08-30T12:00:24.985+0000] {processor.py:208} INFO - Processing /opt/airflow/projet/dags/dag_pipeline_cacao.py took 0.060 seconds
[2026-08-30T12:00:55.384+0000] {processor.py:186} INFO - Started process (PID=1154) to work on /opt/airflow/projet/dags/dag_pipeline_cacao.py
[2026-08-30T12:00:55.385+0000] {processor.py:914} INFO - Processing file /opt/airflow/projet/dags/dag_pipeline_cacao.py for tasks to queue
[2026-08-30T12:00:55.387+0000] {logging_mixin.py:190} INFO - [2026-08-30T12:00:55.386+0000] {dagbag.py:588} INFO - Filling up the DagBag from /opt/airflow/projet/dags/dag_pipeline_cacao.py
[2026-08-30T12:00:55.403+0000] {processor.py:925} INFO - DAG(s) 'pipeline_cacao_ci' retrieved from /opt/airflow/projet/dags/dag_pipeline_cacao.py
[2026-08-30T12:00:55.430+0000] {logging_mixin.py:190} INFO - [2026-08-30T12:00:55.430+0000] {dag.py:3239} INFO - Sync 1 DAGs
[2026-08-30T12:00:55.447+0000] {processor.py:208} INFO - Processing /opt/airflow/projet/dags/dag_pipeline_cacao.py took 0.071 seconds
[2026-08-30T12:01:25.826+0000] {processor.py:186} INFO - Started process (PID=1173) to work on /opt/airflow/projet/dags/dag_pipeline_cacao.py
[2026-08-30T12:01:25.827+0000] {processor.py:914} INFO - Processing file /opt/airflow/projet/dags/dag_pipeline_cacao.py for tasks to queue
[2026-08-30T12:01:25.829+0000] {logging_mixin.py:190} INFO - [2026-08-30T12:01:25.828+0000] {dagbag.py:588} INFO - Filling up the DagBag from /opt/airflow/projet/dags/dag_pipeline_cacao.py
[2026-08-30T12:01:25.842+0000] {processor.py:925} INFO - DAG(s) 'pipeline_cacao_ci' retrieved from /opt/airflow/projet/dags/dag_pipeline_cacao.py
[2026-08-30T12:01:25.871+0000] {logging_mixin.py:190} INFO - [2026-08-30T12:01:25.871+0000] {dag.py:3239} INFO - Sync 1 DAGs
[2026-08-30T12:01:25.887+0000] {processor.py:208} INFO - Processing /opt/airflow/projet/dags/dag_pipeline_cacao.py took 0.067 seconds
[2026-08-30T12:01:56.207+0000] {processor.py:186} INFO - Started process (PID=1192) to work on /opt/airflow/projet/dags/dag_pipeline_cacao.py
[2026-08-30T12:01:56.208+0000] {processor.py:914} INFO - Processing file /opt/airflow/projet/dags/dag_pipeline_cacao.py for tasks to queue
[2026-08-30T12:01:56.210+0000] {logging_mixin.py:190} INFO - [2026-08-30T12:01:56.210+0000] {dagbag.py:588} INFO - Filling up the DagBag from /opt/airflow/projet/dags/dag_pipeline_cacao.py
[2026-08-30T12:01:56.228+0000] {processor.py:925} INFO - DAG(s) 'pipeline_cacao_ci' retrieved from /opt/airflow/projet/dags/dag_pipeline_cacao.py
[2026-08-30T12:01:56.255+0000] {logging_mixin.py:190} INFO - [2026-08-30T12:01:56.255+0000] {dag.py:3239} INFO - Sync 1 DAGs
[2026-08-30T12:01:56.274+0000] {processor.py:208} INFO - Processing /opt/airflow/projet/dags/dag_pipeline_cacao.py took 0.073 seconds
[2026-08-30T12:02:26.625+0000] {processor.py:186} INFO - Started process (PID=1211) to work on /opt/airflow/projet/dags/dag_pipeline_cacao.py
[2026-08-30T12:02:26.626+0000] {processor.py:914} INFO - Processing file /opt/airflow/projet/dags/dag_pipeline_cacao.py for tasks to queue
[2026-08-30T12:02:26.628+0000] {logging_mixin.py:190} INFO - [2026-08-30T12:02:26.628+0000] {dagbag.py:588} INFO - Filling up the DagBag from /opt/airflow/projet/dags/dag_pipeline_cacao.py
[2026-08-30T12:02:26.646+0000] {processor.py:925} INFO - DAG(s) 'pipeline_cacao_ci' retrieved from /opt/airflow/projet/dags/dag_pipeline_cacao.py
[2026-08-30T12:02:26.676+0000] {logging_mixin.py:190} INFO - [2026-08-30T12:02:26.676+0000] {dag.py:3239} INFO - Sync 1 DAGs
[2026-08-30T12:02:26.695+0000] {processor.py:208} INFO - Processing /opt/airflow/projet/dags/dag_pipeline_cacao.py took 0.079 seconds
[2026-08-30T12:02:57.047+0000] {processor.py:186} INFO - Started process (PID=1230) to work on /opt/airflow/projet/dags/dag_pipeline_cacao.py
[2026-08-30T12:02:57.047+0000] {processor.py:914} INFO - Processing file /opt/airflow/projet/dags/dag_pipeline_cacao.py for tasks to queue
[2026-08-30T12:02:57.050+0000] {logging_mixin.py:190} INFO - [2026-08-30T12:02:57.049+0000] {dagbag.py:588} INFO - Filling up the DagBag from /opt/airflow/projet/dags/dag_pipeline_cacao.py
[2026-08-30T12:02:57.066+0000] {processor.py:925} INFO - DAG(s) 'pipeline_cacao_ci' retrieved from /opt/airflow/projet/dags/dag_pipeline_cacao.py
[2026-08-30T12:02:57.094+0000] {logging_mixin.py:190} INFO - [2026-08-30T12:02:57.094+0000] {dag.py:3239} INFO - Sync 1 DAGs
[2026-08-30T12:02:57.111+0000] {processor.py:208} INFO - Processing /opt/airflow/projet/dags/dag_pipeline_cacao.py took 0.072 seconds
[2026-08-30T12:03:27.471+0000] {processor.py:186} INFO - Started process (PID=1249) to work on /opt/airflow/projet/dags/dag_pipeline_cacao.py
[2026-08-30T12:03:27.472+0000] {processor.py:914} INFO - Processing file /opt/airflow/projet/dags/dag_pipeline_cacao.py for tasks to queue
[2026-08-30T12:03:27.473+0000] {logging_mixin.py:190} INFO - [2026-08-30T12:03:27.473+0000] {dagbag.py:588} INFO - Filling up the DagBag from /opt/airflow/projet/dags/dag_pipeline_cacao.py
[2026-08-30T12:03:27.492+0000] {processor.py:925} INFO - DAG(s) 'pipeline_cacao_ci' retrieved from /opt/airflow/projet/dags/dag_pipeline_cacao.py
[2026-08-30T12:03:27.516+0000] {logging_mixin.py:190} INFO - [2026-08-30T12:03:27.516+0000] {dag.py:3239} INFO - Sync 1 DAGs
[2026-08-30T12:03:27.532+0000] {processor.py:208} INFO - Processing /opt/airflow/projet/dags/dag_pipeline_cacao.py took 0.067 seconds
[2026-08-30T12:03:57.877+0000] {processor.py:186} INFO - Started process (PID=1268) to work on /opt/airflow/projet/dags/dag_pipeline_cacao.py
[2026-08-30T12:03:57.878+0000] {processor.py:914} INFO - Processing file /opt/airflow/projet/dags/dag_pipeline_cacao.py for tasks to queue
[2026-08-30T12:03:57.880+0000] {logging_mixin.py:190} INFO - [2026-08-30T12:03:57.880+0000] {dagbag.py:588} INFO - Filling up the DagBag from /opt/airflow/projet/dags/dag_pipeline_cacao.py
[2026-08-30T12:03:57.900+0000] {processor.py:925} INFO - DAG(s) 'pipeline_cacao_ci' retrieved from /opt/airflow/projet/dags/dag_pipeline_cacao.py
[2026-08-30T12:03:57.947+0000] {logging_mixin.py:190} INFO - [2026-08-30T12:03:57.947+0000] {dag.py:3239} INFO - Sync 1 DAGs
[2026-08-30T12:03:57.973+0000] {processor.py:208} INFO - Processing /opt/airflow/projet/dags/dag_pipeline_cacao.py took 0.103 seconds
[2026-08-30T12:04:28.323+0000] {processor.py:186} INFO - Started process (PID=1287) to work on /opt/airflow/projet/dags/dag_pipeline_cacao.py
[2026-08-30T12:04:28.324+0000] {processor.py:914} INFO - Processing file /opt/airflow/projet/dags/dag_pipeline_cacao.py for tasks to queue
[2026-08-30T12:04:28.326+0000] {logging_mixin.py:190} INFO - [2026-08-30T12:04:28.326+0000] {dagbag.py:588} INFO - Filling up the DagBag from /opt/airflow/projet/dags/dag_pipeline_cacao.py
[2026-08-30T12:04:28.344+0000] {processor.py:925} INFO - DAG(s) 'pipeline_cacao_ci' retrieved from /opt/airflow/projet/dags/dag_pipeline_cacao.py
[2026-08-30T12:04:28.370+0000] {logging_mixin.py:190} INFO - [2026-08-30T12:04:28.370+0000] {dag.py:3239} INFO - Sync 1 DAGs
[2026-08-30T12:04:28.387+0000] {processor.py:208} INFO - Processing /opt/airflow/projet/dags/dag_pipeline_cacao.py took 0.070 seconds
[2026-08-30T12:04:58.743+0000] {processor.py:186} INFO - Started process (PID=1306) to work on /opt/airflow/projet/dags/dag_pipeline_cacao.py
[2026-08-30T12:04:58.744+0000] {processor.py:914} INFO - Processing file /opt/airflow/projet/dags/dag_pipeline_cacao.py for tasks to queue
[2026-08-30T12:04:58.746+0000] {logging_mixin.py:190} INFO - [2026-08-30T12:04:58.746+0000] {dagbag.py:588} INFO - Filling up the DagBag from /opt/airflow/projet/dags/dag_pipeline_cacao.py
[2026-08-30T12:04:58.763+0000] {processor.py:925} INFO - DAG(s) 'pipeline_cacao_ci' retrieved from /opt/airflow/projet/dags/dag_pipeline_cacao.py
[2026-08-30T12:04:58.790+0000] {logging_mixin.py:190} INFO - [2026-08-30T12:04:58.790+0000] {dag.py:3239} INFO - Sync 1 DAGs
[2026-08-30T12:04:58.807+0000] {processor.py:208} INFO - Processing /opt/airflow/projet/dags/dag_pipeline_cacao.py took 0.070 seconds
[2026-08-30T12:05:29.146+0000] {processor.py:186} INFO - Started process (PID=1325) to work on /opt/airflow/projet/dags/dag_pipeline_cacao.py
[2026-08-30T12:05:29.147+0000] {processor.py:914} INFO - Processing file /opt/airflow/projet/dags/dag_pipeline_cacao.py for tasks to queue
[2026-08-30T12:05:29.149+0000] {logging_mixin.py:190} INFO - [2026-08-30T12:05:29.149+0000] {dagbag.py:588} INFO - Filling up the DagBag from /opt/airflow/projet/dags/dag_pipeline_cacao.py
[2026-08-30T12:05:29.164+0000] {processor.py:925} INFO - DAG(s) 'pipeline_cacao_ci' retrieved from /opt/airflow/projet/dags/dag_pipeline_cacao.py
[2026-08-30T12:05:29.193+0000] {logging_mixin.py:190} INFO - [2026-08-30T12:05:29.192+0000] {dag.py:3239} INFO - Sync 1 DAGs
[2026-08-30T12:05:29.210+0000] {processor.py:208} INFO - Processing /opt/airflow/projet/dags/dag_pipeline_cacao.py took 0.071 seconds
[2026-08-30T12:05:59.555+0000] {processor.py:186} INFO - Started process (PID=1344) to work on /opt/airflow/projet/dags/dag_pipeline_cacao.py
[2026-08-30T12:05:59.556+0000] {processor.py:914} INFO - Processing file /opt/airflow/projet/dags/dag_pipeline_cacao.py for tasks to queue
[2026-08-30T12:05:59.557+0000] {logging_mixin.py:190} INFO - [2026-08-30T12:05:59.557+0000] {dagbag.py:588} INFO - Filling up the DagBag from /opt/airflow/projet/dags/dag_pipeline_cacao.py
[2026-08-30T12:05:59.571+0000] {processor.py:925} INFO - DAG(s) 'pipeline_cacao_ci' retrieved from /opt/airflow/projet/dags/dag_pipeline_cacao.py
[2026-08-30T12:05:59.595+0000] {logging_mixin.py:190} INFO - [2026-08-30T12:05:59.595+0000] {dag.py:3239} INFO - Sync 1 DAGs
[2026-08-30T12:05:59.612+0000] {processor.py:208} INFO - Processing /opt/airflow/projet/dags/dag_pipeline_cacao.py took 0.060 seconds
[2026-08-30T12:06:29.952+0000] {processor.py:186} INFO - Started process (PID=1363) to work on /opt/airflow/projet/dags/dag_pipeline_cacao.py
[2026-08-30T12:06:29.953+0000] {processor.py:914} INFO - Processing file /opt/airflow/projet/dags/dag_pipeline_cacao.py for tasks to queue
[2026-08-30T12:06:29.956+0000] {logging_mixin.py:190} INFO - [2026-08-30T12:06:29.955+0000] {dagbag.py:588} INFO - Filling up the DagBag from /opt/airflow/projet/dags/dag_pipeline_cacao.py
[2026-08-30T12:06:29.981+0000] {processor.py:925} INFO - DAG(s) 'pipeline_cacao_ci' retrieved from /opt/airflow/projet/dags/dag_pipeline_cacao.py
[2026-08-30T12:06:30.016+0000] {logging_mixin.py:190} INFO - [2026-08-30T12:06:30.016+0000] {dag.py:3239} INFO - Sync 1 DAGs
[2026-08-30T12:06:30.043+0000] {processor.py:208} INFO - Processing /opt/airflow/projet/dags/dag_pipeline_cacao.py took 0.100 seconds
